Component: ARM Compiler 5.05 update 1 (build 106) Tool: armlink [4d0efa]

==============================================================================

Section Cross References

    startup_stm32f10x_hd.o(RESET) refers to startup_stm32f10x_hd.o(.text) for Reset_Handler
    startup_stm32f10x_hd.o(RESET) refers to stm32f10x_it.o(.text) for NMI_Handler
    startup_stm32f10x_hd.o(RESET) refers to usart1.o(.text) for USART1_IRQHandler
    startup_stm32f10x_hd.o(.text) refers to startup_stm32f10x_hd.o(STACK) for __initial_sp
    startup_stm32f10x_hd.o(.text) refers to entry.o(.ARM.Collect$$$$00000000) for __main
    main.o(.text) refers to memseta.o(.text) for __aeabi_memclr4
    main.o(.text) refers to system_stm32f10x.o(.text) for SystemInit
    main.o(.text) refers to usart1.o(.text) for USART1_Config
    main.o(.text) refers to dac.o(.text) for Delay
    main.o(.text) refers to stm32f10x_gpio.o(.text) for GPIO_SetBits
    main.o(.text) refers to afe.o(.text) for ADA4350_SIM_SPI_Init
    main.o(.text) refers to adc.o(.text) for ADC_SPI2_Init
    main.o(.text) refers to timer.o(.text) for TIM4_Int_Init
    main.o(.text) refers to printfa.o(i.__0printf) for __2printf
    main.o(.text) refers to cfrcmple.o(.text) for __aeabi_cfrcmple
    main.o(.text) refers to cfcmple.o(.text) for __aeabi_cfcmple
    main.o(.text) refers to f2d.o(.text) for __aeabi_f2d
    main.o(.text) refers to main.o(.constdata) for .constdata
    main.o(.text) refers to main.o(.conststring) for .conststring
    main.o(.text) refers to fmul.o(.text) for __aeabi_fmul
    main.o(.text) refers to fdiv.o(.text) for __aeabi_fdiv
    main.o(.text) refers to fadd.o(.text) for __aeabi_fadd
    main.o(.text) refers to ffixui.o(.text) for __aeabi_f2uiz
    main.o(.text) refers to dadd.o(.text) for __aeabi_dsub
    main.o(.text) refers to d2f.o(.text) for __aeabi_d2f
    main.o(.text) refers to dflti.o(.text) for __aeabi_i2d
    main.o(.text) refers to ddiv.o(.text) for __aeabi_ddiv
    main.o(.text) refers to dfixi.o(.text) for __aeabi_d2iz
    main.o(.text) refers to dmul.o(.text) for __aeabi_dmul
    main.o(.text) refers to dfltui.o(.text) for __aeabi_ui2d
    usart1.o(.text) refers to scanf_fp.o(.text) for _scanf_real
    usart1.o(.text) refers to _scanf_int.o(.text) for _scanf_int
    usart1.o(.text) refers to misc.o(.text) for NVIC_PriorityGroupConfig
    usart1.o(.text) refers to stm32f10x_rcc.o(.text) for RCC_APB2PeriphClockCmd
    usart1.o(.text) refers to stm32f10x_gpio.o(.text) for GPIO_Init
    usart1.o(.text) refers to stm32f10x_usart.o(.text) for USART_Init
    usart1.o(.text) refers to __0sscanf.o(.text) for __0sscanf
    usart1.o(.text) refers to memseta.o(.text) for __aeabi_memclr
    usart1.o(.text) refers to dac.o(.text) for Delay
    usart1.o(.text) refers to usart1.o(.data) for USART1_RX_STA
    usart1.o(.text) refers to usart1.o(.bss) for USART1_RX
    adc.o(.text) refers to stm32f10x_rcc.o(.text) for RCC_APB2PeriphClockCmd
    adc.o(.text) refers to stm32f10x_gpio.o(.text) for GPIO_Init
    adc.o(.text) refers to stm32f10x_spi.o(.text) for SPI_Init
    adc.o(.text) refers to printfa.o(i.__0printf) for __2printf
    adc.o(.text) refers to dac.o(.text) for DelayUs
    adc.o(.text) refers to cfcmple.o(.text) for __aeabi_cfcmple
    adc.o(.text) refers to fmul.o(.text) for __aeabi_fmul
    adc.o(.text) refers to fdiv.o(.text) for __aeabi_fdiv
    adc.o(.text) refers to fadd.o(.text) for __aeabi_fadd
    adc.o(.text) refers to ffixui.o(.text) for __aeabi_f2uiz
    dac.o(.text) refers to stm32f10x_rcc.o(.text) for RCC_APB2PeriphClockCmd
    dac.o(.text) refers to stm32f10x_gpio.o(.text) for GPIO_Init
    dac.o(.text) refers to spi.o(.text) for DAC_SPI1_Init
    spi.o(.text) refers to stm32f10x_rcc.o(.text) for RCC_APB2PeriphClockCmd
    spi.o(.text) refers to stm32f10x_gpio.o(.text) for GPIO_Init
    spi.o(.text) refers to stm32f10x_spi.o(.text) for SPI_Init
    spi.o(.text) refers to printfa.o(i.__0printf) for __2printf
    spi.o(.text) refers to dac.o(.text) for Delay
    afe.o(.text) refers to stm32f10x_rcc.o(.text) for RCC_APB2PeriphClockCmd
    afe.o(.text) refers to stm32f10x_gpio.o(.text) for GPIO_Init
    afe.o(.text) refers to dac.o(.text) for DelayUs
    afe.o(.text) refers to adc.o(.text) for AD7172_OFFSET_calibration
    timer.o(.text) refers to stm32f10x_rcc.o(.text) for RCC_APB1PeriphClockCmd
    timer.o(.text) refers to stm32f10x_tim.o(.text) for TIM_DeInit
    timer.o(.text) refers to misc.o(.text) for NVIC_PriorityGroupConfig
    stm32f10x_gpio.o(.text) refers to stm32f10x_rcc.o(.text) for RCC_APB2PeriphResetCmd
    stm32f10x_rcc.o(.text) refers to stm32f10x_rcc.o(.data) for APBAHBPrescTable
    stm32f10x_usart.o(.text) refers to stm32f10x_rcc.o(.text) for RCC_APB2PeriphResetCmd
    stm32f10x_spi.o(.text) refers to stm32f10x_rcc.o(.text) for RCC_APB2PeriphResetCmd
    stm32f10x_tim.o(.text) refers to stm32f10x_rcc.o(.text) for RCC_APB2PeriphResetCmd
[...]
    printf2.o(i.__0snprintf$2) refers to printf2.o(i._printf_core) for _printf_core
    printf2.o(i.__0snprintf$2) refers to printf2.o(i._snputc) for _snputc
    printf2.o(i.__0sprintf$2) refers to printf2.o(i._printf_core) for _printf_core
    printf2.o(i.__0sprintf$2) refers to printf2.o(i._sputc) for _sputc
    printf2.o(i.__0vfprintf$2) refers to printf2.o(i._printf_core) for _printf_core
    printf2.o(i.__0vfprintf$2) refers to usart1.o(.text) for fputc
    printf2.o(i.__0vprintf$2) refers to printf2.o(i._printf_core) for _printf_core
    printf2.o(i.__0vprintf$2) refers to usart1.o(.text) for fputc
    printf2.o(i.__0vprintf$2) refers to stdout.o(.data) for __stdout
    printf2.o(i.__0vsnprintf$2) refers to printf2.o(i._printf_core) for _printf_core
    printf2.o(i.__0vsnprintf$2) refers to printf2.o(i._snputc) for _snputc
    printf2.o(i.__0vsprintf$2) refers to printf2.o(i._printf_core) for _printf_core
    printf2.o(i.__0vsprintf$2) refers to printf2.o(i._sputc) for _sputc
    printf3.o(i.__0fprintf$3) refers to printf3.o(i._printf_core) for _printf_core
    printf3.o(i.__0fprintf$3) refers to usart1.o(.text) for fputc
    printf3.o(i.__0printf$3) refers to printf3.o(i._printf_core) for _printf_core
    printf3.o(i.__0printf$3) refers to usart1.o(.text) for fputc
    printf3.o(i.__0printf$3) refers to stdout.o(.data) for __stdout
    printf3.o(i.__0snprintf$3) refers to printf3.o(i._printf_core) for _printf_core
    printf3.o(i.__0snprintf$3) refers to printf3.o(i._snputc) for _snputc
    printf3.o(i.__0sprintf$3) refers to printf3.o(i._printf_core) for _printf_core
    printf3.o(i.__0sprintf$3) refers to printf3.o(i._sputc) for _sputc
    printf3.o(i.__0vfprintf$3) refers to printf3.o(i._printf_core) for _printf_core
    printf3.o(i.__0vfprintf$3) refers to usart1.o(.text) for fputc
    printf3.o(i.__0vprintf$3) refers to printf3.o(i._printf_core) for _printf_core
    printf3.o(i.__0vprintf$3) refers to usart1.o(.text) for fputc
    printf3.o(i.__0vprintf$3) refers to stdout.o(.data) for __stdout
    printf3.o(i.__0vsnprintf$3) refers to printf3.o(i._printf_core) for _printf_core
    printf3.o(i.__0vsnprintf$3) refers to printf3.o(i._snputc) for _snputc
    printf3.o(i.__0vsprintf$3) refers to printf3.o(i._printf_core) for _printf_core
    printf3.o(i.__0vsprintf$3) refers to printf3.o(i._sputc) for _sputc
    printf3.o(i._printf_core) refers to uidiv.o(.text) for __aeabi_uidivmod
    printf4.o(i.__0fprintf$4) refers to printf4.o(i._printf_core) for _printf_core
    printf4.o(i.__0fprintf$4) refers to usart1.o(.text) for fputc
    printf4.o(i.__0printf$4) refers to printf4.o(i._printf_core) for _printf_core
    printf4.o(i.__0printf$4) refers to usart1.o(.text) for fputc
    printf4.o(i.__0printf$4) refers to stdout.o(.data) for __stdout
    printf4.o(i.__0snprintf$4) refers to printf4.o(i._printf_core) for _printf_core
    printf4.o(i.__0snprintf$4) refers to printf4.o(i._snputc) for _snputc
    printf4.o(i.__0sprintf$4) refers to printf4.o(i._printf_core) for _printf_core
    printf4.o(i.__0sprintf$4) refers to printf4.o(i._sputc) for _sputc
    printf4.o(i.__0vfprintf$4) refers to printf4.o(i._printf_core) for _printf_core
    printf4.o(i.__0vfprintf$4) refers to usart1.o(.text) for fputc
    printf4.o(i.__0vprintf$4) refers to printf4.o(i._printf_core) for _printf_core
    printf4.o(i.__0vprintf$4) refers to usart1.o(.text) for fputc
    printf4.o(i.__0vprintf$4) refers to stdout.o(.data) for __stdout
    printf4.o(i.__0vsnprintf$4) refers to printf4.o(i._printf_core) for _printf_core
    printf4.o(i.__0vsnprintf$4) refers to printf4.o(i._snputc) for _snputc
    printf4.o(i.__0vsprintf$4) refers to printf4.o(i._printf_core) for _printf_core
    printf4.o(i.__0vsprintf$4) refers to printf4.o(i._sputc) for _sputc
    printf4.o(i._printf_core) refers to uldiv.o(.text) for __aeabi_uldivmod
    printf5.o(i.__0fprintf$5) refers to printf5.o(i._printf_core) for _printf_core
    printf5.o(i.__0fprintf$5) refers to usart1.o(.text) for fputc
    printf5.o(i.__0printf$5) refers to printf5.o(i._printf_core) for _printf_core
    printf5.o(i.__0printf$5) refers to usart1.o(.text) for fputc
    printf5.o(i.__0printf$5) refers to stdout.o(.data) for __stdout
    printf5.o(i.__0snprintf$5) refers to printf5.o(i._printf_core) for _printf_core
    printf5.o(i.__0snprintf$5) refers to printf5.o(i._snputc) for _snputc
    printf5.o(i.__0sprintf$5) refers to printf5.o(i._printf_core) for _printf_core
    printf5.o(i.__0sprintf$5) refers to printf5.o(i._sputc) for _sputc
    printf5.o(i.__0vfprintf$5) refers to printf5.o(i._printf_core) for _printf_core
    printf5.o(i.__0vfprintf$5) refers to usart1.o(.text) for fputc
    printf5.o(i.__0vprintf$5) refers to printf5.o(i._printf_core) for _printf_core
    printf5.o(i.__0vprintf$5) refers to usart1.o(.text) for fputc
    printf5.o(i.__0vprintf$5) refers to stdout.o(.data) for __stdout
    printf5.o(i.__0vsnprintf$5) refers to printf5.o(i._printf_core) for _printf_core
    printf5.o(i.__0vsnprintf$5) refers to printf5.o(i._snputc) for _snputc
    printf5.o(i.__0vsprintf$5) refers to printf5.o(i._printf_core) for _printf_core
    printf5.o(i.__0vsprintf$5) refers to printf5.o(i._sputc) for _sputc
    printf5.o(i._printf_core) refers to uldiv.o(.text) for __aeabi_uldivmod
    printf6.o(i.__0fprintf$6) refers to printf6.o(i._printf_core) for _printf_core
    printf6.o(i.__0fprintf$6) refers to usart1.o(.text) for fputc
    printf6.o(i.__0printf$6) refers to printf6.o(i._printf_core) for _printf_core
    printf6.o(i.__0printf$6) refers to usart1.o(.text) for fputc
    printf6.o(i.__0printf$6) refers to stdout.o(.data) for __stdout
    printf6.o(i.__0snprintf$6) refers to printf6.o(i._printf_core) for _printf_core
    printf6.o(i.__0snprintf$6) refers to printf6.o(i._snputc) for _snputc
    printf6.o(i.__0sprintf$6) refers to printf6.o(i._printf_core) for _printf_core
    printf6.o(i.__0sprintf$6) refers to printf6.o(i._sputc) for _sputc
    printf6.o(i.__0vfprintf$6) refers to printf6.o(i._printf_core) for _printf_core
    printf6.o(i.__0vfprintf$6) refers to usart1.o(.text) for fputc
    printf6.o(i.__0vprintf$6) refers to printf6.o(i._printf_core) for _printf_core
    printf6.o(i.__0vprintf$6) refers to usart1.o(.text) for fputc
    printf6.o(i.__0vprintf$6) refers to stdout.o(.data) for __stdout
    printf6.o(i.__0vsnprintf$6) refers to printf6.o(i._printf_core) for _printf_core
    printf6.o(i.__0vsnprintf$6) refers to printf6.o(i._snputc) for _snputc
    printf6.o(i.__0vsprintf$6) refers to printf6.o(i._printf_core) for _printf_core
    printf6.o(i.__0vsprintf$6) refers to printf6.o(i._sputc) for _sputc
    printf6.o(i._printf_core) refers to printf6.o(i._printf_pre_padding) for _printf_pre_padding
    printf6.o(i._printf_core) refers to uidiv.o(.text) for __aeabi_uidivmod
    printf6.o(i._printf_core) refers to printf6.o(i._printf_post_padding) for _printf_post_padding
    printf7.o(i.__0fprintf$7) refers to printf7.o(i._printf_core) for _printf_core
    printf7.o(i.__0fprintf$7) refers to usart1.o(.text) for fputc
    printf7.o(i.__0printf$7) refers to printf7.o(i._printf_core) for _printf_core
    printf7.o(i.__0printf$7) refers to usart1.o(.text) for fputc
    printf7.o(i.__0printf$7) refers to stdout.o(.data) for __stdout
    printf7.o(i.__0snprintf$7) refers to printf7.o(i._printf_core) for _printf_core
    printf7.o(i.__0snprintf$7) refers to printf7.o(i._snputc) for _snputc
    printf7.o(i.__0sprintf$7) refers to printf7.o(i._printf_core) for _printf_core
    printf7.o(i.__0sprintf$7) refers to printf7.o(i._sputc) for _sputc
    printf7.o(i.__0vfprintf$7) refers to printf7.o(i._printf_core) for _printf_core
    printf7.o(i.__0vfprintf$7) refers to usart1.o(.text) for fputc
    printf7.o(i.__0vprintf$7) refers to printf7.o(i._printf_core) for _printf_core
    printf7.o(i.__0vprintf$7) refers to usart1.o(.text) for fputc
    printf7.o(i.__0vprintf$7) refers to stdout.o(.data) for __stdout
    printf7.o(i.__0vsnprintf$7) refers to printf7.o(i._printf_core) for _printf_core
    printf7.o(i.__0vsnprintf$7) refers to printf7.o(i._snputc) for _snputc
    printf7.o(i.__0vsprintf$7) refers to printf7.o(i._printf_core) for _printf_core
    printf7.o(i.__0vsprintf$7) refers to printf7.o(i._sputc) for _sputc
    printf7.o(i._printf_core) refers to printf7.o(i._printf_pre_padding) for _printf_pre_padding
    printf7.o(i._printf_core) refers to uldiv.o(.text) for __aeabi_uldivmod
    printf7.o(i._printf_core) refers to printf7.o(i._printf_post_padding) for _printf_post_padding
    printf8.o(i.__0fprintf$8) refers to printf8.o(i._printf_core) for _printf_core
    printf8.o(i.__0fprintf$8) refers to usart1.o(.text) for fputc
    printf8.o(i.__0printf$8) refers to printf8.o(i._printf_core) for _printf_core
    printf8.o(i.__0printf$8) refers to usart1.o(.text) for fputc
    printf8.o(i.__0printf$8) refers to stdout.o(.data) for __stdout
    printf8.o(i.__0snprintf$8) refers to printf8.o(i._printf_core) for _printf_core
    printf8.o(i.__0snprintf$8) refers to printf8.o(i._snputc) for _snputc
    printf8.o(i.__0sprintf$8) refers to printf8.o(i._printf_core) for _printf_core
    printf8.o(i.__0sprintf$8) refers to printf8.o(i._sputc) for _sputc
    printf8.o(i.__0vfprintf$8) refers to printf8.o(i._printf_core) for _printf_core
    printf8.o(i.__0vfprintf$8) refers to usart1.o(.text) for fputc
    printf8.o(i.__0vprintf$8) refers to printf8.o(i._printf_core) for _printf_core
    printf8.o(i.__0vprintf$8) refers to usart1.o(.text) for fputc
    printf8.o(i.__0vprintf$8) refers to stdout.o(.data) for __stdout
    printf8.o(i.__0vsnprintf$8) refers to printf8.o(i._printf_core) for _printf_core
    printf8.o(i.__0vsnprintf$8) refers to printf8.o(i._snputc) for _snputc
    printf8.o(i.__0vsprintf$8) refers to printf8.o(i._printf_core) for _printf_core
    printf8.o(i.__0vsprintf$8) refers to printf8.o(i._sputc) for _sputc
    printf8.o(i._printf_core) refers to printf8.o(i._printf_pre_padding) for _printf_pre_padding
    printf8.o(i._printf_core) refers to uldiv.o(.text) for __aeabi_uldivmod
    printf8.o(i._printf_core) refers to printf8.o(i._printf_post_padding) for _printf_post_padding
    printfa.o(i.__0fprintf) refers (Special) to iusefp.o(.text) for __I$use$fp
    printfa.o(i.__0fprintf) refers to printfa.o(i._printf_core) for _printf_core
    printfa.o(i.__0fprintf) refers to usart1.o(.text) for fputc
    printfa.o(i.__0printf) refers (Special) to iusefp.o(.text) for __I$use$fp
    printfa.o(i.__0printf) refers to printfa.o(i._printf_core) for _printf_core
    printfa.o(i.__0printf) refers to usart1.o(.text) for fputc
    printfa.o(i.__0printf) refers to stdout.o(.data) for __stdout
    printfa.o(i.__0snprintf) refers (Special) to iusefp.o(.text) for __I$use$fp
    printfa.o(i.__0snprintf) refers to printfa.o(i._printf_core) for _printf_core
    printfa.o(i.__0snprintf) refers to printfa.o(i._snputc) for _snputc
    printfa.o(i.__0sprintf) refers (Special) to iusefp.o(.text) for __I$use$fp
    printfa.o(i.__0sprintf) refers to printfa.o(i._printf_core) for _printf_core
    printfa.o(i.__0sprintf) refers to printfa.o(i._sputc) for _sputc
    printfa.o(i.__0vfprintf) refers (Special) to iusefp.o(.text) for __I$use$fp
    printfa.o(i.__0vfprintf) refers to printfa.o(i._printf_core) for _printf_core
    printfa.o(i.__0vfprintf) refers to usart1.o(.text) for fputc
    printfa.o(i.__0vprintf) refers (Special) to iusefp.o(.text) for __I$use$fp
    printfa.o(i.__0vprintf) refers to printfa.o(i._printf_core) for _printf_core
    printfa.o(i.__0vprintf) refers to usart1.o(.text) for fputc
    printfa.o(i.__0vprintf) refers to stdout.o(.data) for __stdout
    printfa.o(i.__0vsnprintf) refers (Special) to iusefp.o(.text) for __I$use$fp
    printfa.o(i.__0vsnprintf) refers to printfa.o(i._printf_core) for _printf_core
    printfa.o(i.__0vsnprintf) refers to printfa.o(i._snputc) for _snputc
    printfa.o(i.__0vsprintf) refers (Special) to iusefp.o(.text) for __I$use$fp
    printfa.o(i.__0vsprintf) refers to printfa.o(i._printf_core) for _printf_core
    printfa.o(i.__0vsprintf) refers to printfa.o(i._sputc) for _sputc
    printfa.o(i._fp_digits) refers (Special) to iusefp.o(.text) for __I$use$fp
    printfa.o(i._fp_digits) refers to dmul.o(.text) for __aeabi_dmul
    printfa.o(i._fp_digits) refers to ddiv.o(.text) for __aeabi_ddiv
    printfa.o(i._fp_digits) refers to cdrcmple.o(.text) for __aeabi_cdrcmple
    printfa.o(i._fp_digits) refers to dadd.o(.text) for __aeabi_dadd
    printfa.o(i._fp_digits) refers to dfixul.o(.text) for __aeabi_d2ulz
    printfa.o(i._fp_digits) refers to uldiv.o(.text) for __aeabi_uldivmod
    printfa.o(i._printf_core) refers (Special) to iusefp.o(.text) for __I$use$fp
    printfa.o(i._printf_core) refers to printfa.o(i._printf_pre_padding) for _printf_pre_padding
    printfa.o(i._printf_core) refers to uldiv.o(.text) for __aeabi_uldivmod
    printfa.o(i._printf_core) refers to printfa.o(i._printf_post_padding) for _printf_post_padding
    printfa.o(i._printf_core) refers to printfa.o(i._fp_digits) for _fp_digits
    printfa.o(i._printf_core) refers to uidiv.o(.text) for __aeabi_uidivmod
    printfa.o(i._printf_post_padding) refers (Special) to iusefp.o(.text) for __I$use$fp
    printfa.o(i._printf_pre_padding) refers (Special) to iusefp.o(.text) for __I$use$fp
    printfa.o(i._snputc) refers (Special) to iusefp.o(.text) for __I$use$fp
    printfa.o(i._sputc) refers (Special) to iusefp.o(.text) for __I$use$fp
    __0sscanf.o(.text) refers to scanf_char.o(.text) for __vfscanf_char
    __0sscanf.o(.text) refers to _sgetc.o(.text) for _sgetc
    _scanf_int.o(.text) refers to _chval.o(.text) for _chval
    scanf_fp.o(.text) refers (Special) to iusefp.o(.text) for __I$use$fp
    scanf_fp.o(.text) refers to dfltul.o(.text) for __aeabi_ul2d
    scanf_fp.o(.text) refers to dmul.o(.text) for __aeabi_dmul
    scanf_fp.o(.text) refers to ddiv.o(.text) for __aeabi_ddiv
    scanf_fp.o(.text) refers to scanf_fp.o(i._is_digit) for _is_digit
    scanf_fp.o(.text) refers to d2f.o(.text) for __aeabi_d2f
    fadd.o(.text) refers (Special) to iusefp.o(.text) for __I$use$fp
    fadd.o(.text) refers to fepilogue.o(.text) for _float_epilogue
    fmul.o(.text) refers (Special) to iusefp.o(.text) for __I$use$fp
    fdiv.o(.text) refers (Special) to iusefp.o(.text) for __I$use$fp
    fdiv.o(.text) refers to fepilogue.o(.text) for _float_round
    dadd.o(.text) refers (Special) to iusefp.o(.text) for __I$use$fp
    dadd.o(.text) refers to llshl.o(.text) for __aeabi_llsl
    dadd.o(.text) refers to llsshr.o(.text) for __aeabi_lasr
    dadd.o(.text) refers to depilogue.o(.text) for _double_epilogue
    dmul.o(.text) refers (Special) to iusefp.o(.text) for __I$use$fp
    dmul.o(.text) refers to depilogue.o(.text) for _double_epilogue
    ddiv.o(.text) refers (Special) to iusefp.o(.text) for __I$use$fp
    ddiv.o(.text) refers to depilogue.o(.text) for _double_round
    dflti.o(.text) refers (Special) to iusefp.o(.text) for __I$use$fp
    dflti.o(.text) refers to depilogue.o(.text) for _double_epilogue
    dfltui.o(.text) refers (Special) to iusefp.o(.text) for __I$use$fp
    dfltui.o(.text) refers to depilogue.o(.text) for _double_epilogue
    ffixui.o(.text) refers (Special) to iusefp.o(.text) for __I$use$fp
    dfixi.o(.text) refers (Special) to iusefp.o(.text) for __I$use$fp
    dfixi.o(.text) refers to llushr.o(.text) for __aeabi_llsr
    f2d.o(.text) refers (Special) to iusefp.o(.text) for __I$use$fp
    d2f.o(.text) refers (Special) to iusefp.o(.text) for __I$use$fp
    d2f.o(.text) refers to fepilogue.o(.text) for _float_round
    cfcmple.o(.text) refers (Special) to iusefp.o(.text) for __I$use$fp
    cfrcmple.o(.text) refers (Special) to iusefp.o(.text) for __I$use$fp
    entry2.o(.ARM.Collect$$$$00000001) refers to entry2.o(.ARM.Collect$$$$00002712) for __lit__00000000
    entry2.o(.ARM.Collect$$$$00002712) refers to startup_stm32f10x_hd.o(STACK) for __initial_sp
    entry2.o(__vectab_stack_and_reset_area) refers to startup_stm32f10x_hd.o(STACK) for __initial_sp
    entry2.o(__vectab_stack_and_reset_area) refers to entry.o(.ARM.Collect$$$$00000000) for __main
    entry5.o(.ARM.Collect$$$$00000004) refers to init.o(.text) for __scatterload
    entry9a.o(.ARM.Collect$$$$0000000B) refers to main.o(.text) for main
    entry9b.o(.ARM.Collect$$$$0000000C) refers to main.o(.text) for main
    uldiv.o(.text) refers to llushr.o(.text) for __aeabi_llsr
    uldiv.o(.text) refers to llshl.o(.text) for __aeabi_llsl
    scanf_char.o(.text) refers to _scanf.o(.text) for __vfscanf
    scanf_char.o(.text) refers to isspace_c.o(.text) for isspace
    depilogue.o(.text) refers to llshl.o(.text) for __aeabi_llsl
    depilogue.o(.text) refers to llushr.o(.text) for __aeabi_llsr
    dfltul.o(.text) refers to depilogue.o(.text) for _double_epilogue
    dfixul.o(.text) refers to llushr.o(.text) for __aeabi_llsr
    dfixul.o(.text) refers to llshl.o(.text) for __aeabi_llsl
    init.o(.text) refers to entry5.o(.ARM.Collect$$$$00000004) for __main_after_scatterload
    isspace_c.o(.text) refers to ctype_c.o(.text) for __ctype_lookup
    _scanf.o(.text) refers (Weak) to scanf_fp.o(.text) for _scanf_real
    _scanf.o(.text) refers (Weak) to _scanf_int.o(.text) for _scanf_int
    ctype_c.o(.text) refers to ctype_c.o(.constdata) for .constdata
    scanf_fp.o(i._is_digit) refers (Special) to iusefp.o(.text) for __I$use$fp


==============================================================================

Removing Unused input sections from the image.

    Removing startup_stm32f10x_hd.o(HEAP), (0 bytes).
    Removing core_cm3.o(.emb_text), (32 bytes).
    Removing system_stm32f10x.o(.constdata), (20 bytes).

3 unused section(s) (total 52 bytes) removed from the image.

==============================================================================

Image Symbol Table

    Local Symbols

    Symbol Name                              Value     Ov Type        Size  Object(Section)

    ../clib/microlib/ctype/ctype.c           0x00000000   Number         0  isspace_c.o ABSOLUTE
    ../clib/microlib/ctype/ctype.c           0x00000000   Number         0  ctype_c.o ABSOLUTE
    ../clib/microlib/division.c              0x00000000   Number         0  uidiv.o ABSOLUTE
    ../clib/microlib/division.c              0x00000000   Number         0  uldiv.o ABSOLUTE
    ../clib/microlib/init/entry.s            0x00000000   Number         0  entry10a.o ABSOLUTE
    ../clib/microlib/init/entry.s            0x00000000   Number         0  entry9b.o ABSOLUTE
    ../clib/microlib/init/entry.s            0x00000000   Number         0  entry11b.o ABSOLUTE
    ../clib/microlib/init/entry.s            0x00000000   Number         0  entry9a.o ABSOLUTE
    ../clib/microlib/init/entry.s            0x00000000   Number         0  entry7a.o ABSOLUTE
    ../clib/microlib/init/entry.s            0x00000000   Number         0  entry5.o ABSOLUTE
    ../clib/microlib/init/entry.s            0x00000000   Number         0  entry2.o ABSOLUTE
    ../clib/microlib/init/entry.s            0x00000000   Number         0  entry.o ABSOLUTE
    ../clib/microlib/init/entry.s            0x00000000   Number         0  entry8b.o ABSOLUTE
    ../clib/microlib/init/entry.s            0x00000000   Number         0  entry8a.o ABSOLUTE
    ../clib/microlib/init/entry.s            0x00000000   Number         0  entry7b.o ABSOLUTE
    ../clib/microlib/init/entry.s            0x00000000   Number         0  entry11a.o ABSOLUTE
    ../clib/microlib/init/entry.s            0x00000000   Number         0  entry10b.o ABSOLUTE
    ../clib/microlib/longlong.c              0x00000000   Number         0  llshl.o ABSOLUTE
    ../clib/microlib/longlong.c              0x00000000   Number         0  llushr.o ABSOLUTE
    ../clib/microlib/longlong.c              0x00000000   Number         0  llsshr.o ABSOLUTE
    ../clib/microlib/printf/printf.c         0x00000000   Number         0  printf1.o ABSOLUTE
    ../clib/microlib/printf/printf.c         0x00000000   Number         0  printf3.o ABSOLUTE
    ../clib/microlib/printf/printf.c         0x00000000   Number         0  printf4.o ABSOLUTE
    ../clib/microlib/printf/printf.c         0x00000000   Number         0  printf5.o ABSOLUTE
    ../clib/microlib/printf/printf.c         0x00000000   Number         0  printf6.o ABSOLUTE
    ../clib/microlib/printf/printf.c         0x00000000   Number         0  printf7.o ABSOLUTE
    ../clib/microlib/printf/printf.c         0x00000000   Number         0  printf8.o ABSOLUTE
    ../clib/microlib/printf/printf.c         0x00000000   Number         0  printfa.o ABSOLUTE
    ../clib/microlib/printf/printf.c         0x00000000   Number         0  printf2.o ABSOLUTE
    ../clib/microlib/printf/printf.c         0x00000000   Number         0  printfb.o ABSOLUTE
    ../clib/microlib/printf/printf.c         0x00000000   Number         0  printf0.o ABSOLUTE
    ../clib/microlib/printf/stubs.s          0x00000000   Number         0  stubs.o ABSOLUTE
    ../clib/microlib/stdio/streams.c         0x00000000   Number         0  stdout.o ABSOLUTE
    ../clib/microlib/string/memset.c         0x00000000   Number         0  memseta.o ABSOLUTE
    ../clib/microlib/stubs.s                 0x00000000   Number         0  iusefp.o ABSOLUTE
    ../clib/scanf.c                          0x00000000   Number         0  _scanf.o ABSOLUTE
    ../clib/scanf.c                          0x00000000   Number         0  __0sscanf.o ABSOLUTE
    ../clib/scanf.c                          0x00000000   Number         0  _sgetc.o ABSOLUTE
    ../clib/scanf.c                          0x00000000   Number         0  scanf_char.o ABSOLUTE
    ../clib/scanf.c                          0x00000000   Number         0  _chval.o ABSOLUTE
    ../clib/scanf.c                          0x00000000   Number         0  _scanf_int.o ABSOLUTE
    ../clib/scanf.c                          0x00000000   Number         0  scanf_fp.o ABSOLUTE
    ../fplib/microlib/d2f.c                  0x00000000   Number         0  d2f.o ABSOLUTE
    ../fplib/microlib/f2d.c                  0x00000000   Number         0  f2d.o ABSOLUTE
    ../fplib/microlib/fpadd.c                0x00000000   Number         0  dadd.o ABSOLUTE
    ../fplib/microlib/fpadd.c                0x00000000   Number         0  fadd.o ABSOLUTE
    ../fplib/microlib/fpdiv.c                0x00000000   Number         0  ddiv.o ABSOLUTE
    ../fplib/microlib/fpdiv.c                0x00000000   Number         0  fdiv.o ABSOLUTE
    ../fplib/microlib/fpepilogue.c           0x00000000   Number         0  fepilogue.o ABSOLUTE
    ../fplib/microlib/fpepilogue.c           0x00000000   Number         0  depilogue.o ABSOLUTE
    ../fplib/microlib/fpfix.c                0x00000000   Number         0  ffixui.o ABSOLUTE
    ../fplib/microlib/fpfix.c                0x00000000   Number         0  dfixul.o ABSOLUTE
    ../fplib/microlib/fpfix.c                0x00000000   Number         0  dfixi.o ABSOLUTE
    ../fplib/microlib/fpflt.c                0x00000000   Number         0  dflti.o ABSOLUTE
    ../fplib/microlib/fpflt.c                0x00000000   Number         0  dfltul.o ABSOLUTE
    ../fplib/microlib/fpflt.c                0x00000000   Number         0  dfltui.o ABSOLUTE
    ../fplib/microlib/fpmul.c                0x00000000   Number         0  dmul.o ABSOLUTE
    ../fplib/microlib/fpmul.c                0x00000000   Number         0  fmul.o ABSOLUTE
    ..\CMSIS\core_cm3.c                      0x00000000   Number         0  core_cm3.o ABSOLUTE
    ..\CMSIS\startup\startup_stm32f10x_hd.s  0x00000000   Number         0  startup_stm32f10x_hd.o ABSOLUTE
    ..\CMSIS\system_stm32f10x.c              0x00000000   Number         0  system_stm32f10x.o ABSOLUTE
    ..\FWlib\src\misc.c                      0x00000000   Number         0  misc.o ABSOLUTE
    ..\FWlib\src\stm32f10x_gpio.c            0x00000000   Number         0  stm32f10x_gpio.o ABSOLUTE
    ..\FWlib\src\stm32f10x_rcc.c             0x00000000   Number         0  stm32f10x_rcc.o ABSOLUTE
    ..\FWlib\src\stm32f10x_spi.c             0x00000000   Number         0  stm32f10x_spi.o ABSOLUTE
    ..\FWlib\src\stm32f10x_tim.c             0x00000000   Number         0  stm32f10x_tim.o ABSOLUTE
    ..\FWlib\src\stm32f10x_usart.c           0x00000000   Number         0  stm32f10x_usart.o ABSOLUTE
    ..\\CMSIS\\core_cm3.c                    0x00000000   Number         0  core_cm3.o ABSOLUTE
    adc.c                                    0x00000000   Number         0  adc.o ABSOLUTE
    afe.c                                    0x00000000   Number         0  afe.o ABSOLUTE
    cdrcmple.s                               0x00000000   Number         0  cdrcmple.o ABSOLUTE
    cfcmple.s                                0x00000000   Number         0  cfcmple.o ABSOLUTE
    cfrcmple.s                               0x00000000   Number         0  cfrcmple.o ABSOLUTE
    dac.c                                    0x00000000   Number         0  dac.o ABSOLUTE
    dc.s                                     0x00000000   Number         0  dc.o ABSOLUTE
    handlers.s                               0x00000000   Number         0  handlers.o ABSOLUTE
    init.s                                   0x00000000   Number         0  init.o ABSOLUTE
    main.c                                   0x00000000   Number         0  main.o ABSOLUTE
    spi.c                                    0x00000000   Number         0  spi.o ABSOLUTE
    stm32f10x_it.c                           0x00000000   Number         0  stm32f10x_it.o ABSOLUTE
    timer.c                                  0x00000000   Number         0  timer.o ABSOLUTE
    usart1.c                                 0x00000000   Number         0  usart1.o ABSOLUTE
    RESET                                    0x08000000   Section      304  startup_stm32f10x_hd.o(RESET)
    .ARM.Collect$$$$00000000                 0x08000130   Section        0  entry.o(.ARM.Collect$$$$00000000)
    .ARM.Collect$$$$00000001                 0x08000130   Section        4  entry2.o(.ARM.Collect$$$$00000001)
    .ARM.Collect$$$$00000004                 0x08000134   Section        4  entry5.o(.ARM.Collect$$$$00000004)
    .ARM.Collect$$$$00000008                 0x08000138   Section        0  entry7b.o(.ARM.Collect$$$$00000008)
    .ARM.Collect$$$$0000000A                 0x08000138   Section        0  entry8b.o(.ARM.Collect$$$$0000000A)
    .ARM.Collect$$$$0000000B                 0x08000138   Section        8  entry9a.o(.ARM.Collect$$$$0000000B)
    .ARM.Collect$$$$0000000D                 0x08000140   Section        0  entry10a.o(.ARM.Collect$$$$0000000D)
    .ARM.Collect$$$$0000000F                 0x08000140   Section        0  entry11a.o(.ARM.Collect$$$$0000000F)
    .ARM.Collect$$$$00002712                 0x08000140   Section        4  entry2.o(.ARM.Collect$$$$00002712)
    __lit__00000000                          0x08000140   Data           4  entry2.o(.ARM.Collect$$$$00002712)
    .text                                    0x08000144   Section       48  startup_stm32f10x_hd.o(.text)
    .text                                    0x08000174   Section        0  main.o(.text)
    .text                                    0x08000fc8   Section        0  stm32f10x_it.o(.text)
    .text                                    0x08000fe4   Section        0  usart1.o(.text)
    .text                                    0x08001198   Section        0  adc.o(.text)
    ADC_SPI2_GPIO_Config                     0x08001199   Thumb Code   172  adc.o(.text)
    ADC_SPI2_Mode_Config                     0x08001245   Thumb Code    86  adc.o(.text)
    SPI2_TIMEOUT_UserCallback                0x080012a7   Thumb Code    16  adc.o(.text)
    .text                                    0x08001864   Section        0  dac.o(.text)
    .text                                    0x08001a2c   Section        0  spi.o(.text)
    DAC_SPI1_GPIO_Config                     0x08001a2d   Thumb Code   122  spi.o(.text)
    DAC_SPI1_Mode_Config                     0x08001aa7   Thumb Code    86  spi.o(.text)
    SPI_TIMEOUT_UserCallback                 0x08001b09   Thumb Code    16  spi.o(.text)
    .text                                    0x08001c8c   Section        0  afe.o(.text)
    .text                                    0x08001f10   Section        0  timer.o(.text)
    .text                                    0x08001fc4   Section        0  stm32f10x_gpio.o(.text)
    .text                                    0x080022f4   Section        0  stm32f10x_rcc.o(.text)
    .text                                    0x0800269c   Section        0  stm32f10x_usart.o(.text)
    .text                                    0x08002a0c   Section        0  stm32f10x_spi.o(.text)
    .text                                    0x08002d0c   Section        0  misc.o(.text)
    .text                                    0x08002de8   Section        0  stm32f10x_tim.o(.text)
    TI4_Config                               0x08003107   Thumb Code    82  stm32f10x_tim.o(.text)
    TI3_Config                               0x0800316b   Thumb Code    72  stm32f10x_tim.o(.text)
    TI2_Config                               0x080031dd   Thumb Code    80  stm32f10x_tim.o(.text)
    TI1_Config                               0x0800323f   Thumb Code    56  stm32f10x_tim.o(.text)
    .text                                    0x080039b0   Section        0  system_stm32f10x.o(.text)
    SetSysClockTo72                          0x080039b1   Thumb Code   220  system_stm32f10x.o(.text)
    SetSysClock                              0x08003a8d   Thumb Code     8  system_stm32f10x.o(.text)
    .text                                    0x08003ae8   Section        0  memseta.o(.text)
    .text                                    0x08003b0c   Section        0  __0sscanf.o(.text)
    .text                                    0x08003b44   Section        0  _scanf_int.o(.text)
    .text                                    0x08003c90   Section        0  scanf_fp.o(.text)
    _fp_value                                0x08003c91   Thumb Code   256  scanf_fp.o(.text)
    .text                                    0x08003fc8   Section        0  fadd.o(.text)
    .text                                    0x08004078   Section        0  fmul.o(.text)
    .text                                    0x080040dc   Section        0  fdiv.o(.text)
    .text                                    0x08004158   Section        0  dadd.o(.text)
    .text                                    0x080042a6   Section        0  dmul.o(.text)
    .text                                    0x0800438a   Section        0  ddiv.o(.text)
    .text                                    0x08004468   Section        0  dflti.o(.text)
    .text                                    0x0800448a   Section        0  dfltui.o(.text)
    .text                                    0x080044a4   Section        0  ffixui.o(.text)
    .text                                    0x080044cc   Section        0  dfixi.o(.text)
    .text                                    0x0800450a   Section        0  f2d.o(.text)
    .text                                    0x08004530   Section        0  d2f.o(.text)
    .text                                    0x08004568   Section       20  cfcmple.o(.text)
    .text                                    0x0800457c   Section       20  cfrcmple.o(.text)
    .text                                    0x08004590   Section        0  uidiv.o(.text)
    .text                                    0x080045bc   Section        0  uldiv.o(.text)
    .text                                    0x0800461e   Section        0  llshl.o(.text)
    .text                                    0x0800463c   Section        0  llushr.o(.text)
    .text                                    0x0800465c   Section        0  llsshr.o(.text)
    .text                                    0x08004680   Section        0  _chval.o(.text)
    .text                                    0x0800469c   Section        0  scanf_char.o(.text)
    _scanf_char_input                        0x0800469d   Thumb Code    12  scanf_char.o(.text)
    .text                                    0x080046c4   Section        0  _sgetc.o(.text)
    .text                                    0x08004704   Section        0  fepilogue.o(.text)
    .text                                    0x08004704   Section        0  iusefp.o(.text)
    .text                                    0x08004772   Section        0  depilogue.o(.text)
    .text                                    0x0800482c   Section        0  dfltul.o(.text)
    .text                                    0x08004844   Section        0  dfixul.o(.text)
    .text                                    0x08004874   Section       48  cdrcmple.o(.text)
    .text                                    0x080048a4   Section       36  init.o(.text)
    .text                                    0x080048c8   Section        0  isspace_c.o(.text)
    .text                                    0x080048d4   Section        0  _scanf.o(.text)
    .text                                    0x08004c00   Section        0  ctype_c.o(.text)
    i.__0printf                              0x08004c28   Section        0  printfa.o(i.__0printf)
    i.__scatterload_copy                     0x08004c48   Section       14  handlers.o(i.__scatterload_copy)
    i.__scatterload_null                     0x08004c56   Section        2  handlers.o(i.__scatterload_null)
    i.__scatterload_zeroinit                 0x08004c58   Section       14  handlers.o(i.__scatterload_zeroinit)
    i._fp_digits                             0x08004c68   Section        0  printfa.o(i._fp_digits)
    _fp_digits                               0x08004c69   Thumb Code   334  printfa.o(i._fp_digits)
    i._is_digit                              0x08004dcc   Section        0  scanf_fp.o(i._is_digit)
    i._printf_core                           0x08004ddc   Section        0  printfa.o(i._printf_core)
    _printf_core                             0x08004ddd   Thumb Code  1744  printfa.o(i._printf_core)
    i._printf_post_padding                   0x080054b8   Section        0  printfa.o(i._printf_post_padding)
    _printf_post_padding                     0x080054b9   Thumb Code    36  printfa.o(i._printf_post_padding)
    i._printf_pre_padding                    0x080054dc   Section        0  printfa.o(i._printf_pre_padding)
    _printf_pre_padding                      0x080054dd   Thumb Code    46  printfa.o(i._printf_pre_padding)
    .constdata                               0x0800550c   Section        8  main.o(.constdata)
    .constdata                               0x08005514   Section       64  ctype_c.o(.constdata)
    .conststring                             0x08005554   Section      238  main.o(.conststring)
    .data                                    0x20000000   Section        2  usart1.o(.data)
    .data                                    0x20000002   Section       20  stm32f10x_rcc.o(.data)
    APBAHBPrescTable                         0x20000002   Data          16  stm32f10x_rcc.o(.data)
    ADCPrescTable                            0x20000012   Data           4  stm32f10x_rcc.o(.data)
    .data                                    0x20000018   Section        4  stdout.o(.data)
    .bss                                     0x2000001c   Section     1024  usart1.o(.bss)
    STACK                                    0x20000420   Section      512  startup_stm32f10x_hd.o(STACK)

    Global Symbols

    Symbol Name                              Value     Ov Type        Size  Object(Section)

    BuildAttributes$$THM_ISAv4$P$D$K$B$S$PE$A:L22UL41UL21$X:L11$S22US41US21$IEEE1$IW$USESV6$~STKCKD$USESV7$~SHL$OTIME$ROPI$EBA8$MICROLIB$REQ8$PRES8$EABIv2 0x00000000   Number         0  anon$$obj.o ABSOLUTE
    __ARM_use_no_argv                        0x00000000   Number         0  main.o ABSOLUTE
    _printf_a                                0x00000000   Number         0  stubs.o ABSOLUTE
    _printf_c                                0x00000000   Number         0  stubs.o ABSOLUTE
    _printf_charcount                        0x00000000   Number         0  stubs.o ABSOLUTE
    _printf_d                                0x00000000   Number         0  stubs.o ABSOLUTE
    _printf_e                                0x00000000   Number         0  stubs.o ABSOLUTE
    _printf_f                                0x00000000   Number         0  stubs.o ABSOLUTE
    _printf_flags                            0x00000000   Number         0  stubs.o ABSOLUTE
    _printf_fp_dec                           0x00000000   Number         0  stubs.o ABSOLUTE
    _printf_fp_hex                           0x00000000   Number         0  stubs.o ABSOLUTE
    _printf_g                                0x00000000   Number         0  stubs.o ABSOLUTE
    _printf_i                                0x00000000   Number         0  stubs.o ABSOLUTE
    _printf_int_dec                          0x00000000   Number         0  stubs.o ABSOLUTE
    _printf_l                                0x00000000   Number         0  stubs.o ABSOLUTE
    _printf_lc                               0x00000000   Number         0  stubs.o ABSOLUTE
    _printf_ll                               0x00000000   Number         0  stubs.o ABSOLUTE
    _printf_lld                              0x00000000   Number         0  stubs.o ABSOLUTE
    _printf_lli                              0x00000000   Number         0  stubs.o ABSOLUTE
    _printf_llo                              0x00000000   Number         0  stubs.o ABSOLUTE
    _printf_llu                              0x00000000   Number         0  stubs.o ABSOLUTE
    _printf_llx                              0x00000000   Number         0  stubs.o ABSOLUTE
    _printf_longlong_dec                     0x00000000   Number         0  stubs.o ABSOLUTE
    _printf_longlong_hex                     0x00000000   Number         0  stubs.o ABSOLUTE
    _printf_longlong_oct                     0x00000000   Number         0  stubs.o ABSOLUTE
    _printf_ls                               0x00000000   Number         0  stubs.o ABSOLUTE
    _printf_mbtowc                           0x00000000   Number         0  stubs.o ABSOLUTE
    _printf_n                                0x00000000   Number         0  stubs.o ABSOLUTE
    _printf_o                                0x00000000   Number         0  stubs.o ABSOLUTE
    _printf_p                                0x00000000   Number         0  stubs.o ABSOLUTE
    _printf_percent                          0x00000000   Number         0  stubs.o ABSOLUTE
    _printf_pre_padding                      0x00000000   Number         0  stubs.o ABSOLUTE
    _printf_return_value                     0x00000000   Number         0  stubs.o ABSOLUTE
    _printf_s                                0x00000000   Number         0  stubs.o ABSOLUTE
    _printf_sizespec                         0x00000000   Number         0  stubs.o ABSOLUTE
    _printf_str                              0x00000000   Number         0  stubs.o ABSOLUTE
    _printf_truncate_signed                  0x00000000   Number         0  stubs.o ABSOLUTE
    _printf_truncate_unsigned                0x00000000   Number         0  stubs.o ABSOLUTE
    _printf_u                                0x00000000   Number         0  stubs.o ABSOLUTE
    _printf_wc                               0x00000000   Number         0  stubs.o ABSOLUTE
    _printf_wctomb                           0x00000000   Number         0  stubs.o ABSOLUTE
    _printf_widthprec                        0x00000000   Number         0  stubs.o ABSOLUTE
    _printf_x                                0x00000000   Number         0  stubs.o ABSOLUTE
    __cpp_initialize__aeabi_                  - Undefined Weak Reference
    __cxa_finalize                            - Undefined Weak Reference
    __decompress                              - Undefined Weak Reference
    _clock_init                               - Undefined Weak Reference
    _microlib_exit                            - Undefined Weak Reference
    _scanf_longlong                           - Undefined Weak Reference
    _scanf_string                             - Undefined Weak Reference
    __Vectors_Size                           0x00000130   Number         0  startup_stm32f10x_hd.o ABSOLUTE
    __Vectors                                0x08000000   Data           4  startup_stm32f10x_hd.o(RESET)
    __Vectors_End                            0x08000130   Data           0  startup_stm32f10x_hd.o(RESET)
    __main                                   0x08000131   Thumb Code     0  entry.o(.ARM.Collect$$$$00000000)
    _main_stk                                0x08000131   Thumb Code     0  entry2.o(.ARM.Collect$$$$00000001)
    _main_scatterload                        0x08000135   Thumb Code     0  entry5.o(.ARM.Collect$$$$00000004)
    __main_after_scatterload                 0x08000139   Thumb Code     0  entry5.o(.ARM.Collect$$$$00000004)
    _main_clock                              0x08000139   Thumb Code     0  entry7b.o(.ARM.Collect$$$$00000008)
    _main_cpp_init                           0x08000139   Thumb Code     0  entry8b.o(.ARM.Collect$$$$0000000A)
    _main_init                               0x08000139   Thumb Code     0  entry9a.o(.ARM.Collect$$$$0000000B)
    __rt_final_cpp                           0x08000141   Thumb Code     0  entry10a.o(.ARM.Collect$$$$0000000D)
    __rt_final_exit                          0x08000141   Thumb Code     0  entry11a.o(.ARM.Collect$$$$0000000F)
    SystemInit_ExtMemCtl                     0x08000145   Thumb Code     2  startup_stm32f10x_hd.o(.text)
    Reset_Handler                            0x08000147   Thumb Code    14  startup_stm32f10x_hd.o(.text)
    ADC1_2_IRQHandler                        0x08000167   Thumb Code     0  startup_stm32f10x_hd.o(.text)
    ADC3_IRQHandler                          0x08000167   Thumb Code     0  startup_stm32f10x_hd.o(.text)
    CAN1_RX1_IRQHandler                      0x08000167   Thumb Code     0  startup_stm32f10x_hd.o(.text)
    CAN1_SCE_IRQHandler                      0x08000167   Thumb Code     0  startup_stm32f10x_hd.o(.text)
    DMA1_Channel1_IRQHandler                 0x08000167   Thumb Code     0  startup_stm32f10x_hd.o(.text)
    DMA1_Channel2_IRQHandler                 0x08000167   Thumb Code     0  startup_stm32f10x_hd.o(.text)
    DMA1_Channel3_IRQHandler                 0x08000167   Thumb Code     0  startup_stm32f10x_hd.o(.text)
    DMA1_Channel4_IRQHandler                 0x08000167   Thumb Code     0  startup_stm32f10x_hd.o(.text)
    DMA1_Channel5_IRQHandler                 0x08000167   Thumb Code     0  startup_stm32f10x_hd.o(.text)
    DMA1_Channel6_IRQHandler                 0x08000167   Thumb Code     0  startup_stm32f10x_hd.o(.text)
    DMA1_Channel7_IRQHandler                 0x08000167   Thumb Code     0  startup_stm32f10x_hd.o(.text)
    DMA2_Channel1_IRQHandler                 0x08000167   Thumb Code     0  startup_stm32f10x_hd.o(.text)
    DMA2_Channel2_IRQHandler                 0x08000167   Thumb Code     0  startup_stm32f10x_hd.o(.text)
    DMA2_Channel3_IRQHandler                 0x08000167   Thumb Code     0  startup_stm32f10x_hd.o(.text)
    DMA2_Channel4_5_IRQHandler               0x08000167   Thumb Code     0  startup_stm32f10x_hd.o(.text)
    EXTI0_IRQHandler                         0x08000167   Thumb Code     0  startup_stm32f10x_hd.o(.text)
    EXTI15_10_IRQHandler                     0x08000167   Thumb Code     0  startup_stm32f10x_hd.o(.text)
    EXTI1_IRQHandler                         0x08000167   Thumb Code     0  startup_stm32f10x_hd.o(.text)
    EXTI2_IRQHandler                         0x08000167   Thumb Code     0  startup_stm32f10x_hd.o(.text)
    EXTI3_IRQHandler                         0x08000167   Thumb Code     0  startup_stm32f10x_hd.o(.text)
    EXTI4_IRQHandler                         0x08000167   Thumb Code     0  startup_stm32f10x_hd.o(.text)
    EXTI9_5_IRQHandler                       0x08000167   Thumb Code     0  startup_stm32f10x_hd.o(.text)
    FLASH_IRQHandler                         0x08000167   Thumb Code     0  startup_stm32f10x_hd.o(.text)
    FSMC_IRQHandler                          0x08000167   Thumb Code     0  startup_stm32f10x_hd.o(.text)
    I2C1_ER_IRQHandler                       0x08000167   Thumb Code     0  startup_stm32f10x_hd.o(.text)
    I2C1_EV_IRQHandler                       0x08000167   Thumb Code     0  startup_stm32f10x_hd.o(.text)
    I2C2_ER_IRQHandler                       0x08000167   Thumb Code     0  startup_stm32f10x_hd.o(.text)
    I2C2_EV_IRQHandler                       0x08000167   Thumb Code     0  startup_stm32f10x_hd.o(.text)
    PVD_IRQHandler                           0x08000167   Thumb Code     0  startup_stm32f10x_hd.o(.text)
    RCC_IRQHandler                           0x08000167   Thumb Code     0  startup_stm32f10x_hd.o(.text)
    RTCAlarm_IRQHandler                      0x08000167   Thumb Code     0  startup_stm32f10x_hd.o(.text)
    RTC_IRQHandler                           0x08000167   Thumb Code     0  startup_stm32f10x_hd.o(.text)
    SDIO_IRQHandler                          0x08000167   Thumb Code     0  startup_stm32f10x_hd.o(.text)
    SPI1_IRQHandler                          0x08000167   Thumb Code     0  startup_stm32f10x_hd.o(.text)
    SPI2_IRQHandler                          0x08000167   Thumb Code     0  startup_stm32f10x_hd.o(.text)
    SPI3_IRQHandler                          0x08000167   Thumb Code     0  startup_stm32f10x_hd.o(.text)
    TAMPER_IRQHandler                        0x08000167   Thumb Code     0  startup_stm32f10x_hd.o(.text)
    TIM1_BRK_IRQHandler                      0x08000167   Thumb Code     0  startup_stm32f10x_hd.o(.text)
    TIM1_CC_IRQHandler                       0x08000167   Thumb Code     0  startup_stm32f10x_hd.o(.text)
    TIM1_TRG_COM_IRQHandler                  0x08000167   Thumb Code     0  startup_stm32f10x_hd.o(.text)
    TIM1_UP_IRQHandler                       0x08000167   Thumb Code     0  startup_stm32f10x_hd.o(.text)
    TIM2_IRQHandler                          0x08000167   Thumb Code     0  startup_stm32f10x_hd.o(.text)
    TIM3_IRQHandler                          0x08000167   Thumb Code     0  startup_stm32f10x_hd.o(.text)
    TIM4_IRQHandler                          0x08000167   Thumb Code     0  startup_stm32f10x_hd.o(.text)
    TIM5_IRQHandler                          0x08000167   Thumb Code     0  startup_stm32f10x_hd.o(.text)
    TIM6_IRQHandler                          0x08000167   Thumb Code     0  startup_stm32f10x_hd.o(.text)
    TIM7_IRQHandler                          0x08000167   Thumb Code     0  startup_stm32f10x_hd.o(.text)
    TIM8_BRK_IRQHandler                      0x08000167   Thumb Code     0  startup_stm32f10x_hd.o(.text)
    TIM8_CC_IRQHandler                       0x08000167   Thumb Code     0  startup_stm32f10x_hd.o(.text)
    TIM8_TRG_COM_IRQHandler                  0x08000167   Thumb Code     0  startup_stm32f10x_hd.o(.text)
    TIM8_UP_IRQHandler                       0x08000167   Thumb Code     0  startup_stm32f10x_hd.o(.text)
    UART4_IRQHandler                         0x08000167   Thumb Code     0  startup_stm32f10x_hd.o(.text)
    UART5_IRQHandler                         0x08000167   Thumb Code     0  startup_stm32f10x_hd.o(.text)
    USART2_IRQHandler                        0x08000167   Thumb Code     0  startup_stm32f10x_hd.o(.text)
    USART3_IRQHandler                        0x08000167   Thumb Code     0  startup_stm32f10x_hd.o(.text)
    USBWakeUp_IRQHandler                     0x08000167   Thumb Code     0  startup_stm32f10x_hd.o(.text)
    USB_HP_CAN1_TX_IRQHandler                0x08000167   Thumb Code     0  startup_stm32f10x_hd.o(.text)
    USB_LP_CAN1_RX0_IRQHandler               0x08000167   Thumb Code     0  startup_stm32f10x_hd.o(.text)
    WWDG_IRQHandler                          0x08000167   Thumb Code     0  startup_stm32f10x_hd.o(.text)
    main                                     0x08000175   Thumb Code  3644  main.o(.text)
    NMI_Handler                              0x08000fc9   Thumb Code     2  stm32f10x_it.o(.text)
    HardFault_Handler                        0x08000fcb   Thumb Code     4  stm32f10x_it.o(.text)
    MemManage_Handler                        0x08000fcf   Thumb Code     4  stm32f10x_it.o(.text)
    BusFault_Handler                         0x08000fd3   Thumb Code     4  stm32f10x_it.o(.text)
    UsageFault_Handler                       0x08000fd7   Thumb Code     4  stm32f10x_it.o(.text)
    SVC_Handler                              0x08000fdb   Thumb Code     2  stm32f10x_it.o(.text)
    DebugMon_Handler                         0x08000fdd   Thumb Code     2  stm32f10x_it.o(.text)
    PendSV_Handler                           0x08000fdf   Thumb Code     2  stm32f10x_it.o(.text)
    SysTick_Handler                          0x08000fe1   Thumb Code     2  stm32f10x_it.o(.text)
    NVIC_Configuration                       0x08000fe5   Thumb Code    38  usart1.o(.text)
    USART1_Config                            0x0800100b   Thumb Code   196  usart1.o(.text)
    fputc                                    0x080010cf   Thumb Code    32  usart1.o(.text)
    USART1_IRQHandler                        0x080010ef   Thumb Code    40  usart1.o(.text)
    Get_Float_value                          0x08001117   Thumb Code    52  usart1.o(.text)
    Get_Integer_value                        0x0800114b   Thumb Code    52  usart1.o(.text)
    ADC_SPI2_Init                            0x0800129b   Thumb Code    12  adc.o(.text)
    SPI2_ReadWrite_CTRL                      0x080012b7   Thumb Code    92  adc.o(.text)
    SPI2_Write                               0x08001313   Thumb Code   118  adc.o(.text)
    SPI2_Read                                0x08001389   Thumb Code   138  adc.o(.text)
    AD7172_Set_COMMSREG_Value                0x08001413   Thumb Code    20  adc.o(.text)
    AD7172_SetRegisterValue                  0x08001427   Thumb Code    96  adc.o(.text)
    AD7172_GetRegisterValue                  0x08001487   Thumb Code    54  adc.o(.text)
    AD7172_ReadID                            0x080014bd   Thumb Code    24  adc.o(.text)
    AD7172_SetAdcChannal                     0x080014d5   Thumb Code    50  adc.o(.text)
    AD7172_SETUPCONReg                       0x08001507   Thumb Code    28  adc.o(.text)
    AD7172_FILTCONReg                        0x08001523   Thumb Code    28  adc.o(.text)
    AD7172_OFFSETReg                         0x0800153f   Thumb Code    28  adc.o(.text)
    AD7172_GAINReg                           0x0800155b   Thumb Code    28  adc.o(.text)
    AD7172_ADCMODEReg                        0x08001577   Thumb Code    22  adc.o(.text)
    AD7172_IFMODEReg                         0x0800158d   Thumb Code    84  adc.o(.text)
    AD7172_ReadFromDATAReg_1                 0x080015e1   Thumb Code   132  adc.o(.text)
    AD7172_Reset                             0x08001665   Thumb Code    46  adc.o(.text)
    AD7172_OFFSET_calibration                0x08001693   Thumb Code   206  adc.o(.text)
    AD7172_GAIN_calibration                  0x08001761   Thumb Code   180  adc.o(.text)
    Delay                                    0x08001865   Thumb Code    26  dac.o(.text)
    AD5760_Init                              0x0800187f   Thumb Code   130  dac.o(.text)
    AD5760_SetRegisterValue                  0x08001901   Thumb Code    68  dac.o(.text)
    AD5760_GetRegisterValue                  0x08001945   Thumb Code    44  dac.o(.text)
    AD5760_EnableOutput                      0x08001971   Thumb Code    46  dac.o(.text)
    DelayUs                                  0x0800199f   Thumb Code    22  dac.o(.text)
    AD5760_SetDacValue                       0x080019b5   Thumb Code    44  dac.o(.text)
    AD5760_Setup_CTRLREG                     0x080019e1   Thumb Code    22  dac.o(.text)
    AD5760_Setup_CLRCODE                     0x080019f7   Thumb Code    22  dac.o(.text)
    AD5760_SoftInstruction                   0x08001a0d   Thumb Code    22  dac.o(.text)
    DAC_SPI1_Init                            0x08001afd   Thumb Code    12  spi.o(.text)
    SPI_Write                                0x08001b19   Thumb Code   134  spi.o(.text)
    SPI_Read                                 0x08001b9f   Thumb Code   178  spi.o(.text)
    ADA4350_SIM_SPI_Init                     0x08001c8d   Thumb Code   234  afe.o(.text)
    bit_from24                               0x08001d77   Thumb Code    12  afe.o(.text)
    AFE_SIM_SPI_Write                        0x08001d83   Thumb Code   134  afe.o(.text)
    AFE_SIM_SPI_Read                         0x08001e09   Thumb Code    10  afe.o(.text)
    AFE_WriteToReg                           0x08001e13   Thumb Code    40  afe.o(.text)
    AFE_ReadFromReg                          0x08001e3b   Thumb Code    28  afe.o(.text)
    AFE_gain_cal                             0x08001e57   Thumb Code    34  afe.o(.text)
    AFE_gain_nocal                           0x08001e79   Thumb Code    22  afe.o(.text)
    AFE_Choosegain                           0x08001e8f   Thumb Code   114  afe.o(.text)
    TIM4_Int_Init                            0x08001f11   Thumb Code    68  timer.o(.text)
    TIM4_NVIC_Configuration                  0x08001f55   Thumb Code    42  timer.o(.text)
    delay_timer_ms                           0x08001f7f   Thumb Code    64  timer.o(.text)
    GPIO_DeInit                              0x08001fc5   Thumb Code   188  stm32f10x_gpio.o(.text)
    GPIO_AFIODeInit                          0x08002081   Thumb Code    20  stm32f10x_gpio.o(.text)
    GPIO_Init                                0x08002095   Thumb Code   278  stm32f10x_gpio.o(.text)
    GPIO_StructInit                          0x080021ab   Thumb Code    16  stm32f10x_gpio.o(.text)
    GPIO_ReadInputDataBit                    0x080021bb   Thumb Code    18  stm32f10x_gpio.o(.text)
    GPIO_ReadInputData                       0x080021cd   Thumb Code     8  stm32f10x_gpio.o(.text)
    GPIO_ReadOutputDataBit                   0x080021d5   Thumb Code    18  stm32f10x_gpio.o(.text)
    GPIO_ReadOutputData                      0x080021e7   Thumb Code     8  stm32f10x_gpio.o(.text)
    GPIO_SetBits                             0x080021ef   Thumb Code     4  stm32f10x_gpio.o(.text)
    GPIO_ResetBits                           0x080021f3   Thumb Code     4  stm32f10x_gpio.o(.text)
    GPIO_WriteBit                            0x080021f7   Thumb Code    10  stm32f10x_gpio.o(.text)
    GPIO_Write                               0x08002201   Thumb Code     4  stm32f10x_gpio.o(.text)
    GPIO_PinLockConfig                       0x08002205   Thumb Code    18  stm32f10x_gpio.o(.text)
    GPIO_EventOutputConfig                   0x08002217   Thumb Code    26  stm32f10x_gpio.o(.text)
    GPIO_EventOutputCmd                      0x08002231   Thumb Code     6  stm32f10x_gpio.o(.text)
    GPIO_PinRemapConfig                      0x08002237   Thumb Code   106  stm32f10x_gpio.o(.text)
    GPIO_EXTILineConfig                      0x080022a1   Thumb Code    66  stm32f10x_gpio.o(.text)
    RCC_DeInit                               0x080022f5   Thumb Code    62  stm32f10x_rcc.o(.text)
    RCC_HSEConfig                            0x08002333   Thumb Code    70  stm32f10x_rcc.o(.text)
    RCC_GetFlagStatus                        0x08002379   Thumb Code    56  stm32f10x_rcc.o(.text)
    RCC_WaitForHSEStartUp                    0x080023b1   Thumb Code    54  stm32f10x_rcc.o(.text)
    RCC_AdjustHSICalibrationValue            0x080023e7   Thumb Code    20  stm32f10x_rcc.o(.text)
    RCC_HSICmd                               0x080023fb   Thumb Code     6  stm32f10x_rcc.o(.text)
    RCC_PLLConfig                            0x08002401   Thumb Code    24  stm32f10x_rcc.o(.text)
    RCC_PLLCmd                               0x08002419   Thumb Code     6  stm32f10x_rcc.o(.text)
    RCC_SYSCLKConfig                         0x0800241f   Thumb Code    18  stm32f10x_rcc.o(.text)
    RCC_GetSYSCLKSource                      0x08002431   Thumb Code    10  stm32f10x_rcc.o(.text)
    RCC_HCLKConfig                           0x0800243b   Thumb Code    18  stm32f10x_rcc.o(.text)
    RCC_PCLK1Config                          0x0800244d   Thumb Code    18  stm32f10x_rcc.o(.text)
    RCC_PCLK2Config                          0x0800245f   Thumb Code    20  stm32f10x_rcc.o(.text)
    RCC_ITConfig                             0x08002473   Thumb Code    26  stm32f10x_rcc.o(.text)
    RCC_USBCLKConfig                         0x0800248d   Thumb Code     8  stm32f10x_rcc.o(.text)
    RCC_ADCCLKConfig                         0x08002495   Thumb Code    18  stm32f10x_rcc.o(.text)
    RCC_LSEConfig                            0x080024a7   Thumb Code    50  stm32f10x_rcc.o(.text)
    RCC_LSICmd                               0x080024d9   Thumb Code     6  stm32f10x_rcc.o(.text)
    RCC_RTCCLKConfig                         0x080024df   Thumb Code    12  stm32f10x_rcc.o(.text)
    RCC_RTCCLKCmd                            0x080024eb   Thumb Code     8  stm32f10x_rcc.o(.text)
    RCC_GetClocksFreq                        0x080024f3   Thumb Code   192  stm32f10x_rcc.o(.text)
    RCC_AHBPeriphClockCmd                    0x080025b3   Thumb Code    26  stm32f10x_rcc.o(.text)
    RCC_APB2PeriphClockCmd                   0x080025cd   Thumb Code    26  stm32f10x_rcc.o(.text)
    RCC_APB1PeriphClockCmd                   0x080025e7   Thumb Code    26  stm32f10x_rcc.o(.text)
    RCC_APB2PeriphResetCmd                   0x08002601   Thumb Code    26  stm32f10x_rcc.o(.text)
    RCC_APB1PeriphResetCmd                   0x0800261b   Thumb Code    26  stm32f10x_rcc.o(.text)
    RCC_BackupResetCmd                       0x08002635   Thumb Code     8  stm32f10x_rcc.o(.text)
    RCC_ClockSecuritySystemCmd               0x0800263d   Thumb Code     6  stm32f10x_rcc.o(.text)
    RCC_MCOConfig                            0x08002643   Thumb Code     6  stm32f10x_rcc.o(.text)
    RCC_ClearFlag                            0x08002649   Thumb Code    14  stm32f10x_rcc.o(.text)
    RCC_GetITStatus                          0x08002657   Thumb Code    20  stm32f10x_rcc.o(.text)
    RCC_ClearITPendingBit                    0x0800266b   Thumb Code     6  stm32f10x_rcc.o(.text)
    USART_DeInit                             0x0800269d   Thumb Code   146  stm32f10x_usart.o(.text)
    USART_Init                               0x0800272f   Thumb Code   150  stm32f10x_usart.o(.text)
    USART_StructInit                         0x080027c5   Thumb Code    24  stm32f10x_usart.o(.text)
    USART_ClockInit                          0x080027dd   Thumb Code    34  stm32f10x_usart.o(.text)
    USART_ClockStructInit                    0x080027ff   Thumb Code    12  stm32f10x_usart.o(.text)
    USART_Cmd                                0x0800280b   Thumb Code    24  stm32f10x_usart.o(.text)
    USART_ITConfig                           0x08002823   Thumb Code    64  stm32f10x_usart.o(.text)
    USART_DMACmd                             0x08002863   Thumb Code    18  stm32f10x_usart.o(.text)
    USART_SetAddress                         0x08002875   Thumb Code    18  stm32f10x_usart.o(.text)
    USART_WakeUpConfig                       0x08002887   Thumb Code    18  stm32f10x_usart.o(.text)
    USART_ReceiverWakeUpCmd                  0x08002899   Thumb Code    24  stm32f10x_usart.o(.text)
    USART_LINBreakDetectLengthConfig         0x080028b1   Thumb Code    18  stm32f10x_usart.o(.text)
    USART_LINCmd                             0x080028c3   Thumb Code    24  stm32f10x_usart.o(.text)
    USART_SendData                           0x080028db   Thumb Code     8  stm32f10x_usart.o(.text)
    USART_ReceiveData                        0x080028e3   Thumb Code    10  stm32f10x_usart.o(.text)
    USART_SendBreak                          0x080028ed   Thumb Code    10  stm32f10x_usart.o(.text)
    USART_SetGuardTime                       0x080028f7   Thumb Code    16  stm32f10x_usart.o(.text)
    USART_SetPrescaler                       0x08002907   Thumb Code    16  stm32f10x_usart.o(.text)
    USART_SmartCardCmd                       0x08002917   Thumb Code    24  stm32f10x_usart.o(.text)
    USART_SmartCardNACKCmd                   0x0800292f   Thumb Code    24  stm32f10x_usart.o(.text)
    USART_HalfDuplexCmd                      0x08002947   Thumb Code    24  stm32f10x_usart.o(.text)
    USART_IrDAConfig                         0x0800295f   Thumb Code    18  stm32f10x_usart.o(.text)
    USART_IrDACmd                            0x08002971   Thumb Code    24  stm32f10x_usart.o(.text)
    USART_GetFlagStatus                      0x08002989   Thumb Code    18  stm32f10x_usart.o(.text)
    USART_ClearFlag                          0x0800299b   Thumb Code     6  stm32f10x_usart.o(.text)
    USART_GetITStatus                        0x080029a1   Thumb Code    76  stm32f10x_usart.o(.text)
    USART_ClearITPendingBit                  0x080029ed   Thumb Code    20  stm32f10x_usart.o(.text)
    SPI_I2S_DeInit                           0x08002a0d   Thumb Code    88  stm32f10x_spi.o(.text)
    SPI_Init                                 0x08002a65   Thumb Code    60  stm32f10x_spi.o(.text)
    I2S_Init                                 0x08002aa1   Thumb Code   210  stm32f10x_spi.o(.text)
    SPI_StructInit                           0x08002b73   Thumb Code    24  stm32f10x_spi.o(.text)
    I2S_StructInit                           0x08002b8b   Thumb Code    20  stm32f10x_spi.o(.text)
    SPI_Cmd                                  0x08002b9f   Thumb Code    24  stm32f10x_spi.o(.text)
    I2S_Cmd                                  0x08002bb7   Thumb Code    24  stm32f10x_spi.o(.text)
    SPI_I2S_ITConfig                         0x08002bcf   Thumb Code    32  stm32f10x_spi.o(.text)
    SPI_I2S_DMACmd                           0x08002bef   Thumb Code    18  stm32f10x_spi.o(.text)
    SPI_I2S_SendData                         0x08002c01   Thumb Code     4  stm32f10x_spi.o(.text)
    SPI_I2S_ReceiveData                      0x08002c05   Thumb Code     6  stm32f10x_spi.o(.text)
    SPI_NSSInternalSoftwareConfig            0x08002c0b   Thumb Code    30  stm32f10x_spi.o(.text)
    SPI_SSOutputCmd                          0x08002c29   Thumb Code    24  stm32f10x_spi.o(.text)
    SPI_DataSizeConfig                       0x08002c41   Thumb Code    18  stm32f10x_spi.o(.text)
    SPI_TransmitCRC                          0x08002c53   Thumb Code    10  stm32f10x_spi.o(.text)
    SPI_CalculateCRC                         0x08002c5d   Thumb Code    24  stm32f10x_spi.o(.text)
    SPI_GetCRC                               0x08002c75   Thumb Code    16  stm32f10x_spi.o(.text)
    SPI_GetCRCPolynomial                     0x08002c85   Thumb Code     6  stm32f10x_spi.o(.text)
    SPI_BiDirectionalLineConfig              0x08002c8b   Thumb Code    28  stm32f10x_spi.o(.text)
    SPI_I2S_GetFlagStatus                    0x08002ca7   Thumb Code    18  stm32f10x_spi.o(.text)
    SPI_I2S_ClearFlag                        0x08002cb9   Thumb Code     6  stm32f10x_spi.o(.text)
    SPI_I2S_GetITStatus                      0x08002cbf   Thumb Code    52  stm32f10x_spi.o(.text)
    SPI_I2S_ClearITPendingBit                0x08002cf3   Thumb Code    20  stm32f10x_spi.o(.text)
    NVIC_PriorityGroupConfig                 0x08002d0d   Thumb Code    10  misc.o(.text)
    NVIC_Init                                0x08002d17   Thumb Code   100  misc.o(.text)
    NVIC_SetVectorTable                      0x08002d7b   Thumb Code    14  misc.o(.text)
    NVIC_SystemLPConfig                      0x08002d89   Thumb Code    34  misc.o(.text)
    SysTick_CLKSourceConfig                  0x08002dab   Thumb Code    40  misc.o(.text)
    TIM_DeInit                               0x08002de9   Thumb Code   214  stm32f10x_tim.o(.text)
    TIM_TimeBaseInit                         0x08002ebf   Thumb Code    50  stm32f10x_tim.o(.text)
    TIM_OC1Init                              0x08002ef1   Thumb Code   110  stm32f10x_tim.o(.text)
    TIM_OC2Init                              0x08002f5f   Thumb Code   148  stm32f10x_tim.o(.text)
    TIM_OC3Init                              0x08002ff3   Thumb Code   144  stm32f10x_tim.o(.text)
    TIM_OC4Init                              0x08003083   Thumb Code   106  stm32f10x_tim.o(.text)
    TIM_SetIC4Prescaler                      0x080030ed   Thumb Code    26  stm32f10x_tim.o(.text)
    TIM_SetIC3Prescaler                      0x08003159   Thumb Code    18  stm32f10x_tim.o(.text)
    TIM_SetIC2Prescaler                      0x080031b3   Thumb Code    42  stm32f10x_tim.o(.text)
    TIM_SetIC1Prescaler                      0x0800322d   Thumb Code    18  stm32f10x_tim.o(.text)
    TIM_ICInit                               0x08003277   Thumb Code   110  stm32f10x_tim.o(.text)
    TIM_PWMIConfig                           0x080032e5   Thumb Code   124  stm32f10x_tim.o(.text)
    TIM_BDTRConfig                           0x08003361   Thumb Code    32  stm32f10x_tim.o(.text)
    TIM_TimeBaseStructInit                   0x08003381   Thumb Code    18  stm32f10x_tim.o(.text)
    TIM_OCStructInit                         0x08003393   Thumb Code    20  stm32f10x_tim.o(.text)
    TIM_ICStructInit                         0x080033a7   Thumb Code    18  stm32f10x_tim.o(.text)
    TIM_BDTRStructInit                       0x080033b9   Thumb Code    18  stm32f10x_tim.o(.text)
    TIM_Cmd                                  0x080033cb   Thumb Code    24  stm32f10x_tim.o(.text)
    TIM_CtrlPWMOutputs                       0x080033e3   Thumb Code    30  stm32f10x_tim.o(.text)
    TIM_ITConfig                             0x08003401   Thumb Code    18  stm32f10x_tim.o(.text)
    TIM_GenerateEvent                        0x08003413   Thumb Code     4  stm32f10x_tim.o(.text)
    TIM_DMAConfig                            0x08003417   Thumb Code    10  stm32f10x_tim.o(.text)
    TIM_DMACmd                               0x08003421   Thumb Code    18  stm32f10x_tim.o(.text)
    TIM_InternalClockConfig                  0x08003433   Thumb Code    12  stm32f10x_tim.o(.text)
    TIM_SelectInputTrigger                   0x0800343f   Thumb Code    18  stm32f10x_tim.o(.text)
    TIM_ITRxExternalClockConfig              0x08003451   Thumb Code    24  stm32f10x_tim.o(.text)
    TIM_TIxExternalClockConfig               0x08003469   Thumb Code    62  stm32f10x_tim.o(.text)
    TIM_ETRConfig                            0x080034a7   Thumb Code    30  stm32f10x_tim.o(.text)
    TIM_ETRClockMode1Config                  0x080034c5   Thumb Code    54  stm32f10x_tim.o(.text)
    TIM_ETRClockMode2Config                  0x080034fb   Thumb Code    32  stm32f10x_tim.o(.text)
    TIM_PrescalerConfig                      0x0800351b   Thumb Code     6  stm32f10x_tim.o(.text)
    TIM_CounterModeConfig                    0x08003521   Thumb Code    18  stm32f10x_tim.o(.text)
    TIM_EncoderInterfaceConfig               0x08003533   Thumb Code    66  stm32f10x_tim.o(.text)
    TIM_ForcedOC1Config                      0x08003575   Thumb Code    18  stm32f10x_tim.o(.text)
    TIM_ForcedOC2Config                      0x08003587   Thumb Code    26  stm32f10x_tim.o(.text)
    TIM_ForcedOC3Config                      0x080035a1   Thumb Code    18  stm32f10x_tim.o(.text)
    TIM_ForcedOC4Config                      0x080035b3   Thumb Code    26  stm32f10x_tim.o(.text)
    TIM_ARRPreloadConfig                     0x080035cd   Thumb Code    24  stm32f10x_tim.o(.text)
    TIM_SelectCOM                            0x080035e5   Thumb Code    24  stm32f10x_tim.o(.text)
    TIM_SelectCCDMA                          0x080035fd   Thumb Code    24  stm32f10x_tim.o(.text)
    TIM_CCPreloadControl                     0x08003615   Thumb Code    24  stm32f10x_tim.o(.text)
    TIM_OC1PreloadConfig                     0x0800362d   Thumb Code    18  stm32f10x_tim.o(.text)
    TIM_OC2PreloadConfig                     0x0800363f   Thumb Code    26  stm32f10x_tim.o(.text)
    TIM_OC3PreloadConfig                     0x08003659   Thumb Code    18  stm32f10x_tim.o(.text)
    TIM_OC4PreloadConfig                     0x0800366b   Thumb Code    26  stm32f10x_tim.o(.text)
    TIM_OC1FastConfig                        0x08003685   Thumb Code    18  stm32f10x_tim.o(.text)
    TIM_OC2FastConfig                        0x08003697   Thumb Code    26  stm32f10x_tim.o(.text)
    TIM_OC3FastConfig                        0x080036b1   Thumb Code    18  stm32f10x_tim.o(.text)
    TIM_OC4FastConfig                        0x080036c3   Thumb Code    26  stm32f10x_tim.o(.text)
    TIM_ClearOC1Ref                          0x080036dd   Thumb Code    18  stm32f10x_tim.o(.text)
    TIM_ClearOC2Ref                          0x080036ef   Thumb Code    24  stm32f10x_tim.o(.text)
    TIM_ClearOC3Ref                          0x08003707   Thumb Code    18  stm32f10x_tim.o(.text)
    TIM_ClearOC4Ref                          0x08003719   Thumb Code    24  stm32f10x_tim.o(.text)
    TIM_OC1PolarityConfig                    0x08003731   Thumb Code    18  stm32f10x_tim.o(.text)
    TIM_OC1NPolarityConfig                   0x08003743   Thumb Code    18  stm32f10x_tim.o(.text)
    TIM_OC2PolarityConfig                    0x08003755   Thumb Code    26  stm32f10x_tim.o(.text)
    TIM_OC2NPolarityConfig                   0x0800376f   Thumb Code    26  stm32f10x_tim.o(.text)
    TIM_OC3PolarityConfig                    0x08003789   Thumb Code    26  stm32f10x_tim.o(.text)
    TIM_OC3NPolarityConfig                   0x080037a3   Thumb Code    26  stm32f10x_tim.o(.text)
    TIM_OC4PolarityConfig                    0x080037bd   Thumb Code    26  stm32f10x_tim.o(.text)
    TIM_CCxCmd                               0x080037d7   Thumb Code    26  stm32f10x_tim.o(.text)
    TIM_CCxNCmd                              0x080037f1   Thumb Code    26  stm32f10x_tim.o(.text)
    TIM_SelectOCxM                           0x0800380b   Thumb Code   134  stm32f10x_tim.o(.text)
    TIM_UpdateDisableConfig                  0x08003891   Thumb Code    24  stm32f10x_tim.o(.text)
    TIM_UpdateRequestConfig                  0x080038a9   Thumb Code    24  stm32f10x_tim.o(.text)
    TIM_SelectHallSensor                     0x080038c1   Thumb Code    24  stm32f10x_tim.o(.text)
    TIM_SelectOnePulseMode                   0x080038d9   Thumb Code    18  stm32f10x_tim.o(.text)
    TIM_SelectOutputTrigger                  0x080038eb   Thumb Code    18  stm32f10x_tim.o(.text)
    TIM_SelectSlaveMode                      0x080038fd   Thumb Code    18  stm32f10x_tim.o(.text)
    TIM_SelectMasterSlaveMode                0x0800390f   Thumb Code    18  stm32f10x_tim.o(.text)
    TIM_SetCounter                           0x08003921   Thumb Code     4  stm32f10x_tim.o(.text)
    TIM_SetAutoreload                        0x08003925   Thumb Code     4  stm32f10x_tim.o(.text)
    TIM_SetCompare1                          0x08003929   Thumb Code     4  stm32f10x_tim.o(.text)
    TIM_SetCompare2                          0x0800392d   Thumb Code     4  stm32f10x_tim.o(.text)
    TIM_SetCompare3                          0x08003931   Thumb Code     4  stm32f10x_tim.o(.text)
    TIM_SetCompare4                          0x08003935   Thumb Code     6  stm32f10x_tim.o(.text)
    TIM_SetClockDivision                     0x0800393b   Thumb Code    14  stm32f10x_tim.o(.text)
    TIM_GetCapture1                          0x08003949   Thumb Code     6  stm32f10x_tim.o(.text)
    TIM_GetCapture2                          0x0800394f   Thumb Code     6  stm32f10x_tim.o(.text)
    TIM_GetCapture3                          0x08003955   Thumb Code     6  stm32f10x_tim.o(.text)
    TIM_GetCapture4                          0x0800395b   Thumb Code     8  stm32f10x_tim.o(.text)
    TIM_GetCounter                           0x08003963   Thumb Code     6  stm32f10x_tim.o(.text)
    TIM_GetPrescaler                         0x08003969   Thumb Code     6  stm32f10x_tim.o(.text)
    TIM_GetFlagStatus                        0x0800396f   Thumb Code    18  stm32f10x_tim.o(.text)
    TIM_ClearFlag                            0x08003981   Thumb Code     6  stm32f10x_tim.o(.text)
    TIM_GetITStatus                          0x08003987   Thumb Code    34  stm32f10x_tim.o(.text)
    TIM_ClearITPendingBit                    0x080039a9   Thumb Code     6  stm32f10x_tim.o(.text)
    SystemInit                               0x08003a95   Thumb Code    68  system_stm32f10x.o(.text)
    __aeabi_memset                           0x08003ae9   Thumb Code    14  memseta.o(.text)
    __aeabi_memset4                          0x08003ae9   Thumb Code     0  memseta.o(.text)
    __aeabi_memset8                          0x08003ae9   Thumb Code     0  memseta.o(.text)
    __aeabi_memclr                           0x08003af7   Thumb Code     4  memseta.o(.text)
    __aeabi_memclr4                          0x08003af7   Thumb Code     0  memseta.o(.text)
    __aeabi_memclr8                          0x08003af7   Thumb Code     0  memseta.o(.text)
    _memset$wrapper                          0x08003afb   Thumb Code    18  memseta.o(.text)
    __0sscanf                                0x08003b0d   Thumb Code    48  __0sscanf.o(.text)
    _scanf_int                               0x08003b45   Thumb Code   332  _scanf_int.o(.text)
    _scanf_real                              0x08003d91   Thumb Code     0  scanf_fp.o(.text)
    _scanf_really_real                       0x08003d91   Thumb Code   556  scanf_fp.o(.text)
    __aeabi_fadd                             0x08003fc9   Thumb Code   164  fadd.o(.text)
    __aeabi_fsub                             0x0800406d   Thumb Code     6  fadd.o(.text)
    __aeabi_frsub                            0x08004073   Thumb Code     6  fadd.o(.text)
    __aeabi_fmul                             0x08004079   Thumb Code   100  fmul.o(.text)
    __aeabi_fdiv                             0x080040dd   Thumb Code   124  fdiv.o(.text)
    __aeabi_dadd                             0x08004159   Thumb Code   322  dadd.o(.text)
    __aeabi_dsub                             0x0800429b   Thumb Code     6  dadd.o(.text)
    __aeabi_drsub                            0x080042a1   Thumb Code     6  dadd.o(.text)
    __aeabi_dmul                             0x080042a7   Thumb Code   228  dmul.o(.text)
    __aeabi_ddiv                             0x0800438b   Thumb Code   222  ddiv.o(.text)
    __aeabi_i2d                              0x08004469   Thumb Code    34  dflti.o(.text)
    __aeabi_ui2d                             0x0800448b   Thumb Code    26  dfltui.o(.text)
    __aeabi_f2uiz                            0x080044a5   Thumb Code    40  ffixui.o(.text)
    __aeabi_d2iz                             0x080044cd   Thumb Code    62  dfixi.o(.text)
    __aeabi_f2d                              0x0800450b   Thumb Code    38  f2d.o(.text)
    __aeabi_d2f                              0x08004531   Thumb Code    56  d2f.o(.text)
    __aeabi_cfcmpeq                          0x08004569   Thumb Code     0  cfcmple.o(.text)
    __aeabi_cfcmple                          0x08004569   Thumb Code    20  cfcmple.o(.text)
    __aeabi_cfrcmple                         0x0800457d   Thumb Code    20  cfrcmple.o(.text)
    __aeabi_uidiv                            0x08004591   Thumb Code     0  uidiv.o(.text)
    __aeabi_uidivmod                         0x08004591   Thumb Code    44  uidiv.o(.text)
    __aeabi_uldivmod                         0x080045bd   Thumb Code    98  uldiv.o(.text)
    __aeabi_llsl                             0x0800461f   Thumb Code    30  llshl.o(.text)
    _ll_shift_l                              0x0800461f   Thumb Code     0  llshl.o(.text)
    __aeabi_llsr                             0x0800463d   Thumb Code    32  llushr.o(.text)
    _ll_ushift_r                             0x0800463d   Thumb Code     0  llushr.o(.text)
    __aeabi_lasr                             0x0800465d   Thumb Code    36  llsshr.o(.text)
    _ll_sshift_r                             0x0800465d   Thumb Code     0  llsshr.o(.text)
    _chval                                   0x08004681   Thumb Code    28  _chval.o(.text)
    __vfscanf_char                           0x080046a9   Thumb Code    20  scanf_char.o(.text)
    _sgetc                                   0x080046c5   Thumb Code    30  _sgetc.o(.text)
    _sbackspace                              0x080046e3   Thumb Code    34  _sgetc.o(.text)
    __I$use$fp                               0x08004705   Thumb Code     0  iusefp.o(.text)
    _float_round                             0x08004705   Thumb Code    18  fepilogue.o(.text)
    _float_epilogue                          0x08004717   Thumb Code    92  fepilogue.o(.text)
    _double_round                            0x08004773   Thumb Code    30  depilogue.o(.text)
    _double_epilogue                         0x08004791   Thumb Code   156  depilogue.o(.text)
    __aeabi_ul2d                             0x0800482d   Thumb Code    24  dfltul.o(.text)
    __aeabi_d2ulz                            0x08004845   Thumb Code    48  dfixul.o(.text)
    __aeabi_cdrcmple                         0x08004875   Thumb Code    48  cdrcmple.o(.text)
    __scatterload                            0x080048a5   Thumb Code    28  init.o(.text)
    __scatterload_rt2                        0x080048a5   Thumb Code     0  init.o(.text)
    isspace                                  0x080048c9   Thumb Code    10  isspace_c.o(.text)
    __vfscanf                                0x080048d5   Thumb Code   808  _scanf.o(.text)
    __ctype_lookup                           0x08004c01   Thumb Code    34  ctype_c.o(.text)
    __0printf                                0x08004c29   Thumb Code    22  printfa.o(i.__0printf)
    __1printf                                0x08004c29   Thumb Code     0  printfa.o(i.__0printf)
    __2printf                                0x08004c29   Thumb Code     0  printfa.o(i.__0printf)
    __c89printf                              0x08004c29   Thumb Code     0  printfa.o(i.__0printf)
    printf                                   0x08004c29   Thumb Code     0  printfa.o(i.__0printf)
    __scatterload_copy                       0x08004c49   Thumb Code    14  handlers.o(i.__scatterload_copy)
    __scatterload_null                       0x08004c57   Thumb Code     2  handlers.o(i.__scatterload_null)
    __scatterload_zeroinit                   0x08004c59   Thumb Code    14  handlers.o(i.__scatterload_zeroinit)
    _is_digit                                0x08004dcd   Thumb Code    14  scanf_fp.o(i._is_digit)
    __ctype_categories                       0x08005514   Data          64  ctype_c.o(.constdata)
    Region$$Table$$Base                      0x08005644   Number         0  anon$$obj.o(Region$$Table)
    Region$$Table$$Limit                     0x08005664   Number         0  anon$$obj.o(Region$$Table)
    USART1_RX_STA                            0x20000000   Data           2  usart1.o(.data)
    __stdout                                 0x20000018   Data           4  stdout.o(.data)
    USART1_RX                                0x2000001c   Data        1024  usart1.o(.bss)
    __initial_sp                             0x20000620   Data           0  startup_stm32f10x_hd.o(STACK)



==============================================================================

Memory Map of the image

  Image Entry point : 0x08000147

  Load Region LR_1 (Base: 0x08000000, Size: 0x00005680, Max: 0xffffffff, ABSOLUTE)

    Execution Region ER_RO (Base: 0x08000000, Size: 0x00005664, Max: 0xffffffff, ABSOLUTE)

    Base Addr    Size         Type   Attr      Idx    E Section Name        Object

    0x08000000   0x00000130   Data   RO            3    RESET               startup_stm32f10x_hd.o
    0x08000130   0x00000000   Code   RO          285  * .ARM.Collect$$$$00000000  mc_w.l(entry.o)
    0x08000130   0x00000004   Code   RO          587    .ARM.Collect$$$$00000001  mc_w.l(entry2.o)
    0x08000134   0x00000004   Code   RO          590    .ARM.Collect$$$$00000004  mc_w.l(entry5.o)
    0x08000138   0x00000000   Code   RO          592    .ARM.Collect$$$$00000008  mc_w.l(entry7b.o)
    0x08000138   0x00000000   Code   RO          594    .ARM.Collect$$$$0000000A  mc_w.l(entry8b.o)
    0x08000138   0x00000008   Code   RO          595    .ARM.Collect$$$$0000000B  mc_w.l(entry9a.o)
    0x08000140   0x00000000   Code   RO          597    .ARM.Collect$$$$0000000D  mc_w.l(entry10a.o)
    0x08000140   0x00000000   Code   RO          599    .ARM.Collect$$$$0000000F  mc_w.l(entry11a.o)
    0x08000140   0x00000004   Code   RO          588    .ARM.Collect$$$$00002712  mc_w.l(entry2.o)
    0x08000144   0x00000030   Code   RO            4  * .text               startup_stm32f10x_hd.o
    0x08000174   0x00000e54   Code   RO           10    .text               main.o
    0x08000fc8   0x0000001a   Code   RO           82    .text               stm32f10x_it.o
    0x08000fe2   0x00000002   PAD
    0x08000fe4   0x000001b4   Code   RO           97    .text               usart1.o
    0x08001198   0x000006cc   Code   RO          123    .text               adc.o
    0x08001864   0x000001c8   Code   RO          135    .text               dac.o
    0x08001a2c   0x00000260   Code   RO          147    .text               spi.o
    0x08001c8c   0x00000284   Code   RO          159    .text               afe.o
    0x08001f10   0x000000b4   Code   RO          171    .text               timer.o
    0x08001fc4   0x00000330   Code   RO          183    .text               stm32f10x_gpio.o
    0x080022f4   0x000003a8   Code   RO          195    .text               stm32f10x_rcc.o
    0x0800269c   0x00000370   Code   RO          209    .text               stm32f10x_usart.o
    0x08002a0c   0x00000300   Code   RO          221    .text               stm32f10x_spi.o
    0x08002d0c   0x000000dc   Code   RO          233    .text               misc.o
    0x08002de8   0x00000bc6   Code   RO          245    .text               stm32f10x_tim.o
    0x080039ae   0x00000002   PAD
    0x080039b0   0x00000138   Code   RO          267    .text               system_stm32f10x.o
    0x08003ae8   0x00000024   Code   RO          288    .text               mc_w.l(memseta.o)
    0x08003b0c   0x00000038   Code   RO          551    .text               mc_w.l(__0sscanf.o)
    0x08003b44   0x0000014c   Code   RO          553    .text               mc_w.l(_scanf_int.o)
    0x08003c90   0x00000338   Code   RO          555    .text               mc_w.l(scanf_fp.o)
    0x08003fc8   0x000000b0   Code   RO          559    .text               mf_w.l(fadd.o)
    0x08004078   0x00000064   Code   RO          561    .text               mf_w.l(fmul.o)
    0x080040dc   0x0000007c   Code   RO          563    .text               mf_w.l(fdiv.o)
    0x08004158   0x0000014e   Code   RO          565    .text               mf_w.l(dadd.o)
    0x080042a6   0x000000e4   Code   RO          567    .text               mf_w.l(dmul.o)
    0x0800438a   0x000000de   Code   RO          569    .text               mf_w.l(ddiv.o)
    0x08004468   0x00000022   Code   RO          571    .text               mf_w.l(dflti.o)
    0x0800448a   0x0000001a   Code   RO          573    .text               mf_w.l(dfltui.o)
    0x080044a4   0x00000028   Code   RO          575    .text               mf_w.l(ffixui.o)
    0x080044cc   0x0000003e   Code   RO          577    .text               mf_w.l(dfixi.o)
    0x0800450a   0x00000026   Code   RO          579    .text               mf_w.l(f2d.o)
    0x08004530   0x00000038   Code   RO          581    .text               mf_w.l(d2f.o)
    0x08004568   0x00000014   Code   RO          583    .text               mf_w.l(cfcmple.o)
    0x0800457c   0x00000014   Code   RO          585    .text               mf_w.l(cfrcmple.o)
    0x08004590   0x0000002c   Code   RO          602    .text               mc_w.l(uidiv.o)
    0x080045bc   0x00000062   Code   RO          604    .text               mc_w.l(uldiv.o)
    0x0800461e   0x0000001e   Code   RO          606    .text               mc_w.l(llshl.o)
    0x0800463c   0x00000020   Code   RO          608    .text               mc_w.l(llushr.o)
    0x0800465c   0x00000024   Code   RO          610    .text               mc_w.l(llsshr.o)
    0x08004680   0x0000001c   Code   RO          612    .text               mc_w.l(_chval.o)
    0x0800469c   0x00000028   Code   RO          614    .text               mc_w.l(scanf_char.o)
    0x080046c4   0x00000040   Code   RO          616    .text               mc_w.l(_sgetc.o)
    0x08004704   0x00000000   Code   RO          618    .text               mc_w.l(iusefp.o)
    0x08004704   0x0000006e   Code   RO          619    .text               mf_w.l(fepilogue.o)
    0x08004772   0x000000ba   Code   RO          621    .text               mf_w.l(depilogue.o)
    0x0800482c   0x00000018   Code   RO          623    .text               mf_w.l(dfltul.o)
    0x08004844   0x00000030   Code   RO          625    .text               mf_w.l(dfixul.o)
    0x08004874   0x00000030   Code   RO          627    .text               mf_w.l(cdrcmple.o)
    0x080048a4   0x00000024   Code   RO          629    .text               mc_w.l(init.o)
    0x080048c8   0x0000000a   Code   RO          631    .text               mc_w.l(isspace_c.o)
    0x080048d2   0x00000002   PAD
    0x080048d4   0x0000032c   Code   RO          633    .text               mc_w.l(_scanf.o)
    0x08004c00   0x00000028   Code   RO          635    .text               mc_w.l(ctype_c.o)
    0x08004c28   0x00000020   Code   RO          523    i.__0printf         mc_w.l(printfa.o)
    0x08004c48   0x0000000e   Code   RO          640    i.__scatterload_copy  mc_w.l(handlers.o)
    0x08004c56   0x00000002   Code   RO          641    i.__scatterload_null  mc_w.l(handlers.o)
    0x08004c58   0x0000000e   Code   RO          642    i.__scatterload_zeroinit  mc_w.l(handlers.o)
    0x08004c66   0x00000002   PAD
    0x08004c68   0x00000164   Code   RO          530    i._fp_digits        mc_w.l(printfa.o)
    0x08004dcc   0x0000000e   Code   RO          557    i._is_digit         mc_w.l(scanf_fp.o)
    0x08004dda   0x00000002   PAD
    0x08004ddc   0x000006dc   Code   RO          531    i._printf_core      mc_w.l(printfa.o)
    0x080054b8   0x00000024   Code   RO          532    i._printf_post_padding  mc_w.l(printfa.o)
    0x080054dc   0x0000002e   Code   RO          533    i._printf_pre_padding  mc_w.l(printfa.o)
    0x0800550a   0x00000002   PAD
    0x0800550c   0x00000008   Data   RO           11    .constdata          main.o
    0x08005514   0x00000040   Data   RO          636    .constdata          mc_w.l(ctype_c.o)
    0x08005554   0x000000ee   Data   RO           12    .conststring        main.o
    0x08005642   0x00000002   PAD
    0x08005644   0x00000020   Data   RO          638    Region$$Table       anon$$obj.o


    Execution Region ER_RW (Base: 0x20000000, Size: 0x0000001c, Max: 0xffffffff, ABSOLUTE)

    Base Addr    Size         Type   Attr      Idx    E Section Name        Object

    0x20000000   0x00000002   Data   RW           99    .data               usart1.o
    0x20000002   0x00000014   Data   RW          196    .data               stm32f10x_rcc.o
    0x20000016   0x00000002   PAD
    0x20000018   0x00000004   Data   RW          601    .data               mc_w.l(stdout.o)


    Execution Region ER_ZI (Base: 0x2000001c, Size: 0x00000604, Max: 0xffffffff, ABSOLUTE)

    Base Addr    Size         Type   Attr      Idx    E Section Name        Object

    0x2000001c   0x00000400   Zero   RW           98    .bss                usart1.o
    0x2000041c   0x00000004   PAD
    0x20000420   0x00000200   Zero   RW            1    STACK               startup_stm32f10x_hd.o


==============================================================================

Image component sizes


      Code (inc. data)   RO Data    RW Data    ZI Data      Debug   Object Name

      1740        142          0          0          0       6322   adc.o
       644         16          0          0          0       2335   afe.o
       456         10          0          0          0       2596   dac.o
      3668       1452        246          0          0     259187   main.o
       220         22          0          0          0       1817   misc.o
       608         60          0          0          0       2111   spi.o
        48         12        304          0        512        912   startup_stm32f10x_hd.o
       816         18          0          0          0       5187   stm32f10x_gpio.o
        26          0          0          0          0       1226   stm32f10x_it.o
       936         44          0         20          0       8864   stm32f10x_rcc.o
       768          6          0          0          0       6330   stm32f10x_spi.o
      3014         16          0          0          0      23892   stm32f10x_tim.o
       880         12          0          0          0       7807   stm32f10x_usart.o
       312         16          0          0          0       1253   system_stm32f10x.o
       180          6          0          0          0       1267   timer.o
       436         26          0          2       1024       4047   usart1.o

    ----------------------------------------------------------------------
     14756       1858        584         24       1540     335153   Object Totals
         0          0         32          0          0          0   (incl. Generated)
         4          0          2          2          4          0   (incl. Padding)

    ----------------------------------------------------------------------

      Code (inc. data)   RO Data    RW Data    ZI Data      Debug   Library Member Name

        56          8          0          0          0         84   __0sscanf.o
        28          0          0          0          0         68   _chval.o
       812          4          0          0          0        112   _scanf.o
       332          0          0          0          0         96   _scanf_int.o
        64          0          0          0          0         84   _sgetc.o
        40          6         64          0          0         68   ctype_c.o
         0          0          0          0          0          0   entry.o
         0          0          0          0          0          0   entry10a.o
         0          0          0          0          0          0   entry11a.o
         8          4          0          0          0          0   entry2.o
         4          0          0          0          0          0   entry5.o
         0          0          0          0          0          0   entry7b.o
         0          0          0          0          0          0   entry8b.o
         8          4          0          0          0          0   entry9a.o
        30          0          0          0          0          0   handlers.o
        36          8          0          0          0         68   init.o
        10          0          0          0          0         68   isspace_c.o
         0          0          0          0          0          0   iusefp.o
        30          0          0          0          0         68   llshl.o
        36          0          0          0          0         68   llsshr.o
        32          0          0          0          0         68   llushr.o
        36          0          0          0          0        108   memseta.o
      2226         90          0          0          0        444   printfa.o
        40          8          0          0          0         84   scanf_char.o
       838         12          0          0          0        216   scanf_fp.o
         0          0          0          4          0          0   stdout.o
        44          0          0          0          0         80   uidiv.o
        98          0          0          0          0         92   uldiv.o
        48          0          0          0          0         68   cdrcmple.o
        20          0          0          0          0         68   cfcmple.o
        20          0          0          0          0         68   cfrcmple.o
        56          0          0          0          0         88   d2f.o
       334          0          0          0          0        148   dadd.o
       222          0          0          0          0        100   ddiv.o
       186          0          0          0          0        176   depilogue.o
        62          0          0          0          0         80   dfixi.o
        48          0          0          0          0         68   dfixul.o
        34          0          0          0          0         76   dflti.o
        26          0          0          0          0         76   dfltui.o
        24          0          0          0          0         76   dfltul.o
       228          0          0          0          0         96   dmul.o
        38          0          0          0          0         68   f2d.o
       176          0          0          0          0        140   fadd.o
       124          0          0          0          0         88   fdiv.o
       110          0          0          0          0        168   fepilogue.o
        40          0          0          0          0         68   ffixui.o
       100          0          0          0          0         76   fmul.o

    ----------------------------------------------------------------------
      6712        144         64          4          0       3672   Library Totals
         8          0          0          0          0          0   (incl. Padding)

    ----------------------------------------------------------------------

      Code (inc. data)   RO Data    RW Data    ZI Data      Debug   Library Name

      4808        144         64          4          0       1876   mc_w.l
      1896          0          0          0          0       1796   mf_w.l

    ----------------------------------------------------------------------
      6712        144         64          4          0       3672   Library Totals

    ----------------------------------------------------------------------

==============================================================================


      Code (inc. data)   RO Data    RW Data    ZI Data      Debug   

     21468       2002        648         28       1540     335753   Grand Totals
     21468       2002        648         28       1540     335753   ELF Image Totals
     21468       2002        648         28          0          0   ROM Totals

==============================================================================

    Total RO  Size (Code + RO Data)                22116 (  21.60kB)
    Total RW  Size (RW Data + ZI Data)              1568 (   1.53kB)
    Total ROM Size (Code + RO Data + RW Data)      22144 (  21.63kB)

==============================================================================

